2025-11-10 08:27:18 - SyncDeskManager - INFO - ==================================================
2025-11-10 08:27:18 - SyncDeskManager - INFO - 🚀 INICIANDO SYNC DESK MANAGER
2025-11-10 08:27:18 - SyncDeskManager - INFO - ==================================================
2025-11-10 08:27:18 - SyncDeskManager - INFO - Sistema operativo: Windows 11
2025-11-10 08:27:18 - SyncDeskManager - INFO - Python: 3.12.4
2025-11-10 08:27:18 - SyncDeskManager - INFO - Usuario: usuario
2025-11-10 08:27:18 - SyncDeskManager - INFO - Directorio de trabajo: C:\xampp\htdocs\TDI_Task_Manager\release-package
2025-11-10 08:27:18 - SyncDeskManager - INFO - Directorio de logs: C:\xampp\htdocs\TDI_Task_Manager\release-package\logs
2025-11-10 08:27:18 - SyncDeskManager - INFO - ==================================================
2025-11-10 08:27:21 - SyncDeskManager - INFO - ConfigManager inicializado - Modo volátil en memoria
2025-11-10 08:27:21 - SyncDeskManager - INFO - Iniciando aplicación
2025-11-10 08:27:21 - SyncDeskManager - INFO - Módulos cargados correctamente
2025-11-10 08:27:21 - SyncDeskManager - INFO - ConfigManager inicializado - Modo volátil en memoria
2025-11-10 08:27:21 - SyncDeskManager - INFO - FreshdeskService inicializado
2025-11-10 08:27:21 - SyncDeskManager - INFO - Configuración de clasificación guardada en: data/classification/classification_config.json
2025-11-10 08:27:21 - SyncDeskManager - INFO - Configuración de clasificación creada con valores por defecto
2025-11-10 08:27:21 - SyncDeskManager - INFO - ClassificationConfigManager inicializado
2025-11-10 08:27:21 - SyncDeskManager - INFO - ClassificationLibraryGenerator inicializado
2025-11-10 08:30:21 - urllib3.connectionpool - DEBUG - Starting new HTTPS connection (1): tdilatam.freshdesk.com:443
2025-11-10 08:30:21 - urllib3.connectionpool - DEBUG - https://tdilatam.freshdesk.com:443 "GET /api/v2/tickets/34145 HTTP/1.1" 200 None
2025-11-10 08:30:21 - urllib3.connectionpool - DEBUG - Starting new HTTPS connection (1): tdilatam.freshdesk.com:443
2025-11-10 08:30:22 - urllib3.connectionpool - DEBUG - https://tdilatam.freshdesk.com:443 "GET /api/v2/tickets/34101 HTTP/1.1" 200 None
2025-11-10 08:30:22 - urllib3.connectionpool - DEBUG - Starting new HTTPS connection (1): tdilatam.freshdesk.com:443
2025-11-10 08:30:23 - urllib3.connectionpool - DEBUG - https://tdilatam.freshdesk.com:443 "POST /api/v2/tickets/34101/notes HTTP/1.1" 201 None
2025-11-10 08:30:23 - urllib3.connectionpool - DEBUG - Starting new HTTPS connection (1): tdilatam.freshdesk.com:443
2025-11-10 08:30:24 - urllib3.connectionpool - DEBUG - https://tdilatam.freshdesk.com:443 "GET /api/v2/tickets/34090 HTTP/1.1" 200 None
2025-11-10 08:30:24 - urllib3.connectionpool - DEBUG - Starting new HTTPS connection (1): tdilatam.freshdesk.com:443
2025-11-10 08:30:25 - urllib3.connectionpool - DEBUG - https://tdilatam.freshdesk.com:443 "POST /api/v2/tickets/34090/notes HTTP/1.1" 201 None
2025-11-10 08:30:25 - urllib3.connectionpool - DEBUG - Starting new HTTPS connection (1): tdilatam.freshdesk.com:443
2025-11-10 08:30:26 - urllib3.connectionpool - DEBUG - https://tdilatam.freshdesk.com:443 "GET /api/v2/tickets/34069 HTTP/1.1" 200 None
2025-11-10 08:30:26 - urllib3.connectionpool - DEBUG - Starting new HTTPS connection (1): tdilatam.freshdesk.com:443
2025-11-10 08:30:27 - urllib3.connectionpool - DEBUG - https://tdilatam.freshdesk.com:443 "POST /api/v2/tickets/34069/notes HTTP/1.1" 201 None
2025-11-10 08:30:27 - urllib3.connectionpool - DEBUG - Starting new HTTPS connection (1): tdilatam.freshdesk.com:443
2025-11-10 08:30:28 - urllib3.connectionpool - DEBUG - https://tdilatam.freshdesk.com:443 "GET /api/v2/tickets/34023 HTTP/1.1" 200 None
2025-11-10 08:30:28 - urllib3.connectionpool - DEBUG - Starting new HTTPS connection (1): tdilatam.freshdesk.com:443
2025-11-10 08:30:29 - urllib3.connectionpool - DEBUG - https://tdilatam.freshdesk.com:443 "POST /api/v2/tickets/34023/notes HTTP/1.1" 201 None
2025-11-10 08:30:29 - urllib3.connectionpool - DEBUG - Starting new HTTPS connection (1): tdilatam.freshdesk.com:443
2025-11-10 08:30:29 - urllib3.connectionpool - DEBUG - https://tdilatam.freshdesk.com:443 "GET /api/v2/tickets/34008 HTTP/1.1" 200 None
2025-11-10 08:30:29 - urllib3.connectionpool - DEBUG - Starting new HTTPS connection (1): tdilatam.freshdesk.com:443
2025-11-10 08:30:30 - urllib3.connectionpool - DEBUG - https://tdilatam.freshdesk.com:443 "GET /api/v2/tickets/33988 HTTP/1.1" 200 None
2025-11-10 08:30:30 - urllib3.connectionpool - DEBUG - Starting new HTTPS connection (1): tdilatam.freshdesk.com:443
2025-11-10 08:30:31 - urllib3.connectionpool - DEBUG - https://tdilatam.freshdesk.com:443 "GET /api/v2/tickets/33972 HTTP/1.1" 200 None
2025-11-10 08:30:31 - urllib3.connectionpool - DEBUG - Starting new HTTPS connection (1): tdilatam.freshdesk.com:443
2025-11-10 08:30:32 - urllib3.connectionpool - DEBUG - https://tdilatam.freshdesk.com:443 "GET /api/v2/tickets/33911 HTTP/1.1" 200 None
2025-11-10 08:30:32 - urllib3.connectionpool - DEBUG - Starting new HTTPS connection (1): tdilatam.freshdesk.com:443
2025-11-10 08:30:32 - urllib3.connectionpool - DEBUG - https://tdilatam.freshdesk.com:443 "GET /api/v2/tickets/33857 HTTP/1.1" 200 None
2025-11-10 08:30:32 - urllib3.connectionpool - DEBUG - Starting new HTTPS connection (1): tdilatam.freshdesk.com:443
2025-11-10 08:30:33 - urllib3.connectionpool - DEBUG - https://tdilatam.freshdesk.com:443 "GET /api/v2/tickets/33850 HTTP/1.1" 200 None
2025-11-10 08:30:33 - urllib3.connectionpool - DEBUG - Starting new HTTPS connection (1): tdilatam.freshdesk.com:443
2025-11-10 08:30:34 - urllib3.connectionpool - DEBUG - https://tdilatam.freshdesk.com:443 "GET /api/v2/tickets/33837 HTTP/1.1" 200 None
2025-11-10 08:30:34 - urllib3.connectionpool - DEBUG - Starting new HTTPS connection (1): tdilatam.freshdesk.com:443
2025-11-10 08:30:34 - urllib3.connectionpool - DEBUG - https://tdilatam.freshdesk.com:443 "GET /api/v2/tickets/33820 HTTP/1.1" 200 None
2025-11-10 08:30:34 - urllib3.connectionpool - DEBUG - Starting new HTTPS connection (1): tdilatam.freshdesk.com:443
2025-11-10 08:30:35 - urllib3.connectionpool - DEBUG - https://tdilatam.freshdesk.com:443 "GET /api/v2/tickets/33787 HTTP/1.1" 200 None
2025-11-10 08:30:35 - urllib3.connectionpool - DEBUG - Starting new HTTPS connection (1): tdilatam.freshdesk.com:443
2025-11-10 08:30:36 - urllib3.connectionpool - DEBUG - https://tdilatam.freshdesk.com:443 "POST /api/v2/tickets/33787/notes HTTP/1.1" 201 None
2025-11-10 08:30:36 - urllib3.connectionpool - DEBUG - Starting new HTTPS connection (1): tdilatam.freshdesk.com:443
2025-11-10 08:30:37 - urllib3.connectionpool - DEBUG - https://tdilatam.freshdesk.com:443 "GET /api/v2/tickets/33741 HTTP/1.1" 200 None
2025-11-10 08:30:37 - urllib3.connectionpool - DEBUG - Starting new HTTPS connection (1): tdilatam.freshdesk.com:443
2025-11-10 08:30:38 - urllib3.connectionpool - DEBUG - https://tdilatam.freshdesk.com:443 "GET /api/v2/tickets/33739 HTTP/1.1" 200 None
2025-11-10 08:30:38 - urllib3.connectionpool - DEBUG - Starting new HTTPS connection (1): tdilatam.freshdesk.com:443
2025-11-10 08:30:39 - urllib3.connectionpool - DEBUG - https://tdilatam.freshdesk.com:443 "GET /api/v2/tickets/33702 HTTP/1.1" 200 None
2025-11-10 08:30:39 - urllib3.connectionpool - DEBUG - Starting new HTTPS connection (1): tdilatam.freshdesk.com:443
2025-11-10 08:30:39 - urllib3.connectionpool - DEBUG - https://tdilatam.freshdesk.com:443 "GET /api/v2/tickets/33667 HTTP/1.1" 200 None
2025-11-10 08:30:39 - urllib3.connectionpool - DEBUG - Starting new HTTPS connection (1): tdilatam.freshdesk.com:443
2025-11-10 08:30:40 - urllib3.connectionpool - DEBUG - https://tdilatam.freshdesk.com:443 "POST /api/v2/tickets/33667/notes HTTP/1.1" 201 None
2025-11-10 08:30:40 - urllib3.connectionpool - DEBUG - Starting new HTTPS connection (1): tdilatam.freshdesk.com:443
2025-11-10 08:30:41 - urllib3.connectionpool - DEBUG - https://tdilatam.freshdesk.com:443 "GET /api/v2/tickets/33563 HTTP/1.1" 200 None
2025-11-10 08:30:41 - urllib3.connectionpool - DEBUG - Starting new HTTPS connection (1): tdilatam.freshdesk.com:443
2025-11-10 08:30:42 - urllib3.connectionpool - DEBUG - https://tdilatam.freshdesk.com:443 "GET /api/v2/tickets/33552 HTTP/1.1" 200 None
2025-11-10 08:30:42 - urllib3.connectionpool - DEBUG - Starting new HTTPS connection (1): tdilatam.freshdesk.com:443
2025-11-10 08:30:42 - urllib3.connectionpool - DEBUG - https://tdilatam.freshdesk.com:443 "GET /api/v2/tickets/33513 HTTP/1.1" 200 None
2025-11-10 08:30:42 - urllib3.connectionpool - DEBUG - Starting new HTTPS connection (1): tdilatam.freshdesk.com:443
2025-11-10 08:30:43 - urllib3.connectionpool - DEBUG - https://tdilatam.freshdesk.com:443 "GET /api/v2/tickets/33494 HTTP/1.1" 200 None
2025-11-10 08:30:43 - urllib3.connectionpool - DEBUG - Starting new HTTPS connection (1): tdilatam.freshdesk.com:443
2025-11-10 08:30:44 - urllib3.connectionpool - DEBUG - https://tdilatam.freshdesk.com:443 "GET /api/v2/tickets/33491 HTTP/1.1" 200 None
2025-11-10 08:30:44 - urllib3.connectionpool - DEBUG - Starting new HTTPS connection (1): tdilatam.freshdesk.com:443
2025-11-10 08:30:45 - urllib3.connectionpool - DEBUG - https://tdilatam.freshdesk.com:443 "GET /api/v2/tickets/33490 HTTP/1.1" 200 None
2025-11-10 08:30:45 - urllib3.connectionpool - DEBUG - Starting new HTTPS connection (1): tdilatam.freshdesk.com:443
2025-11-10 08:30:46 - urllib3.connectionpool - DEBUG - https://tdilatam.freshdesk.com:443 "GET /api/v2/tickets/33489 HTTP/1.1" 200 None
2025-11-10 08:30:46 - urllib3.connectionpool - DEBUG - Starting new HTTPS connection (1): tdilatam.freshdesk.com:443
2025-11-10 08:30:47 - urllib3.connectionpool - DEBUG - https://tdilatam.freshdesk.com:443 "GET /api/v2/tickets/33364 HTTP/1.1" 200 None
2025-11-10 08:30:47 - urllib3.connectionpool - DEBUG - Starting new HTTPS connection (1): tdilatam.freshdesk.com:443
2025-11-10 08:30:48 - urllib3.connectionpool - DEBUG - https://tdilatam.freshdesk.com:443 "POST /api/v2/tickets/33364/notes HTTP/1.1" 201 None
2025-11-10 08:30:48 - urllib3.connectionpool - DEBUG - Starting new HTTPS connection (1): tdilatam.freshdesk.com:443
2025-11-10 08:30:48 - urllib3.connectionpool - DEBUG - https://tdilatam.freshdesk.com:443 "GET /api/v2/tickets/33346 HTTP/1.1" 200 None
2025-11-10 08:30:48 - urllib3.connectionpool - DEBUG - Starting new HTTPS connection (1): tdilatam.freshdesk.com:443
2025-11-10 08:30:49 - urllib3.connectionpool - DEBUG - https://tdilatam.freshdesk.com:443 "POST /api/v2/tickets/33346/notes HTTP/1.1" 201 None
2025-11-10 08:30:49 - urllib3.connectionpool - DEBUG - Starting new HTTPS connection (1): tdilatam.freshdesk.com:443
2025-11-10 08:30:50 - urllib3.connectionpool - DEBUG - https://tdilatam.freshdesk.com:443 "GET /api/v2/tickets/33314 HTTP/1.1" 200 None
2025-11-10 08:30:50 - urllib3.connectionpool - DEBUG - Starting new HTTPS connection (1): tdilatam.freshdesk.com:443
2025-11-10 08:30:51 - urllib3.connectionpool - DEBUG - https://tdilatam.freshdesk.com:443 "POST /api/v2/tickets/33314/notes HTTP/1.1" 201 None
2025-11-10 08:30:51 - urllib3.connectionpool - DEBUG - Starting new HTTPS connection (1): tdilatam.freshdesk.com:443
2025-11-10 08:30:52 - urllib3.connectionpool - DEBUG - https://tdilatam.freshdesk.com:443 "GET /api/v2/tickets/33297 HTTP/1.1" 200 None
2025-11-10 08:30:52 - urllib3.connectionpool - DEBUG - Starting new HTTPS connection (1): tdilatam.freshdesk.com:443
2025-11-10 08:30:53 - urllib3.connectionpool - DEBUG - https://tdilatam.freshdesk.com:443 "GET /api/v2/tickets/33266 HTTP/1.1" 200 None
2025-11-10 08:30:53 - urllib3.connectionpool - DEBUG - Starting new HTTPS connection (1): tdilatam.freshdesk.com:443
2025-11-10 08:30:54 - urllib3.connectionpool - DEBUG - https://tdilatam.freshdesk.com:443 "POST /api/v2/tickets/33266/notes HTTP/1.1" 201 None
2025-11-10 08:30:54 - urllib3.connectionpool - DEBUG - Starting new HTTPS connection (1): tdilatam.freshdesk.com:443
2025-11-10 08:30:55 - urllib3.connectionpool - DEBUG - https://tdilatam.freshdesk.com:443 "GET /api/v2/tickets/33139 HTTP/1.1" 200 None
2025-11-10 08:30:55 - urllib3.connectionpool - DEBUG - Starting new HTTPS connection (1): tdilatam.freshdesk.com:443
2025-11-10 08:30:56 - urllib3.connectionpool - DEBUG - https://tdilatam.freshdesk.com:443 "GET /api/v2/tickets/33083 HTTP/1.1" 200 None
2025-11-10 08:30:56 - urllib3.connectionpool - DEBUG - Starting new HTTPS connection (1): tdilatam.freshdesk.com:443
2025-11-10 08:30:57 - urllib3.connectionpool - DEBUG - https://tdilatam.freshdesk.com:443 "GET /api/v2/tickets/33027 HTTP/1.1" 200 None
2025-11-10 08:30:57 - urllib3.connectionpool - DEBUG - Starting new HTTPS connection (1): tdilatam.freshdesk.com:443
2025-11-10 08:30:58 - urllib3.connectionpool - DEBUG - https://tdilatam.freshdesk.com:443 "POST /api/v2/tickets/33027/notes HTTP/1.1" 201 None
2025-11-10 08:30:58 - urllib3.connectionpool - DEBUG - Starting new HTTPS connection (1): tdilatam.freshdesk.com:443
2025-11-10 08:30:59 - urllib3.connectionpool - DEBUG - https://tdilatam.freshdesk.com:443 "GET /api/v2/tickets/33013 HTTP/1.1" 200 None
2025-11-10 08:30:59 - urllib3.connectionpool - DEBUG - Starting new HTTPS connection (1): tdilatam.freshdesk.com:443
2025-11-10 08:30:59 - urllib3.connectionpool - DEBUG - https://tdilatam.freshdesk.com:443 "GET /api/v2/tickets/32883 HTTP/1.1" 200 None
2025-11-10 08:30:59 - urllib3.connectionpool - DEBUG - Starting new HTTPS connection (1): tdilatam.freshdesk.com:443
2025-11-10 08:31:00 - urllib3.connectionpool - DEBUG - https://tdilatam.freshdesk.com:443 "GET /api/v2/tickets/32879 HTTP/1.1" 200 None
2025-11-10 08:31:00 - urllib3.connectionpool - DEBUG - Starting new HTTPS connection (1): tdilatam.freshdesk.com:443
2025-11-10 08:31:01 - urllib3.connectionpool - DEBUG - https://tdilatam.freshdesk.com:443 "GET /api/v2/tickets/32856 HTTP/1.1" 200 None
2025-11-10 08:31:01 - urllib3.connectionpool - DEBUG - Starting new HTTPS connection (1): tdilatam.freshdesk.com:443
2025-11-10 08:31:02 - urllib3.connectionpool - DEBUG - https://tdilatam.freshdesk.com:443 "GET /api/v2/tickets/32844 HTTP/1.1" 200 None
2025-11-10 08:31:02 - urllib3.connectionpool - DEBUG - Starting new HTTPS connection (1): tdilatam.freshdesk.com:443
2025-11-10 08:31:02 - urllib3.connectionpool - DEBUG - https://tdilatam.freshdesk.com:443 "GET /api/v2/tickets/32836 HTTP/1.1" 200 None
2025-11-10 08:31:02 - urllib3.connectionpool - DEBUG - Starting new HTTPS connection (1): tdilatam.freshdesk.com:443
2025-11-10 08:31:03 - urllib3.connectionpool - DEBUG - https://tdilatam.freshdesk.com:443 "GET /api/v2/tickets/32785 HTTP/1.1" 200 None
2025-11-10 08:31:03 - urllib3.connectionpool - DEBUG - Starting new HTTPS connection (1): tdilatam.freshdesk.com:443
2025-11-10 08:31:04 - urllib3.connectionpool - DEBUG - https://tdilatam.freshdesk.com:443 "GET /api/v2/tickets/32778 HTTP/1.1" 200 None
2025-11-10 08:31:04 - urllib3.connectionpool - DEBUG - Starting new HTTPS connection (1): tdilatam.freshdesk.com:443
2025-11-10 08:31:04 - urllib3.connectionpool - DEBUG - https://tdilatam.freshdesk.com:443 "GET /api/v2/tickets/32728 HTTP/1.1" 200 None
2025-11-10 08:31:04 - urllib3.connectionpool - DEBUG - Starting new HTTPS connection (1): tdilatam.freshdesk.com:443
2025-11-10 08:31:05 - urllib3.connectionpool - DEBUG - https://tdilatam.freshdesk.com:443 "POST /api/v2/tickets/32728/notes HTTP/1.1" 201 None
2025-11-10 08:31:05 - urllib3.connectionpool - DEBUG - Starting new HTTPS connection (1): tdilatam.freshdesk.com:443
2025-11-10 08:31:06 - urllib3.connectionpool - DEBUG - https://tdilatam.freshdesk.com:443 "GET /api/v2/tickets/32455 HTTP/1.1" 200 None
2025-11-10 08:31:06 - urllib3.connectionpool - DEBUG - Starting new HTTPS connection (1): tdilatam.freshdesk.com:443
2025-11-10 08:31:07 - urllib3.connectionpool - DEBUG - https://tdilatam.freshdesk.com:443 "GET /api/v2/tickets/32341 HTTP/1.1" 200 None
2025-11-10 08:31:07 - urllib3.connectionpool - DEBUG - Starting new HTTPS connection (1): tdilatam.freshdesk.com:443
2025-11-10 08:31:08 - urllib3.connectionpool - DEBUG - https://tdilatam.freshdesk.com:443 "POST /api/v2/tickets/32341/notes HTTP/1.1" 201 None
2025-11-10 08:31:08 - urllib3.connectionpool - DEBUG - Starting new HTTPS connection (1): tdilatam.freshdesk.com:443
2025-11-10 08:31:09 - urllib3.connectionpool - DEBUG - https://tdilatam.freshdesk.com:443 "GET /api/v2/tickets/32263 HTTP/1.1" 200 None
2025-11-10 08:31:09 - urllib3.connectionpool - DEBUG - Starting new HTTPS connection (1): tdilatam.freshdesk.com:443
2025-11-10 08:31:10 - urllib3.connectionpool - DEBUG - https://tdilatam.freshdesk.com:443 "POST /api/v2/tickets/32263/notes HTTP/1.1" 201 None
2025-11-10 08:31:10 - urllib3.connectionpool - DEBUG - Starting new HTTPS connection (1): tdilatam.freshdesk.com:443
2025-11-10 08:31:10 - urllib3.connectionpool - DEBUG - https://tdilatam.freshdesk.com:443 "GET /api/v2/tickets/32187 HTTP/1.1" 200 None
2025-11-10 08:31:10 - urllib3.connectionpool - DEBUG - Starting new HTTPS connection (1): tdilatam.freshdesk.com:443
2025-11-10 08:31:11 - urllib3.connectionpool - DEBUG - https://tdilatam.freshdesk.com:443 "POST /api/v2/tickets/32187/notes HTTP/1.1" 201 None
2025-11-10 08:31:11 - urllib3.connectionpool - DEBUG - Starting new HTTPS connection (1): tdilatam.freshdesk.com:443
2025-11-10 08:31:12 - urllib3.connectionpool - DEBUG - https://tdilatam.freshdesk.com:443 "GET /api/v2/tickets/32084 HTTP/1.1" 200 None
2025-11-10 08:31:12 - urllib3.connectionpool - DEBUG - Starting new HTTPS connection (1): tdilatam.freshdesk.com:443
2025-11-10 08:31:13 - urllib3.connectionpool - DEBUG - https://tdilatam.freshdesk.com:443 "GET /api/v2/tickets/31898 HTTP/1.1" 200 None
2025-11-10 08:31:13 - urllib3.connectionpool - DEBUG - Starting new HTTPS connection (1): tdilatam.freshdesk.com:443
2025-11-10 08:31:14 - urllib3.connectionpool - DEBUG - https://tdilatam.freshdesk.com:443 "GET /api/v2/tickets/31897 HTTP/1.1" 200 None
2025-11-10 08:31:14 - urllib3.connectionpool - DEBUG - Starting new HTTPS connection (1): tdilatam.freshdesk.com:443
2025-11-10 08:31:14 - urllib3.connectionpool - DEBUG - https://tdilatam.freshdesk.com:443 "POST /api/v2/tickets/31897/notes HTTP/1.1" 201 None
2025-11-10 08:31:14 - urllib3.connectionpool - DEBUG - Starting new HTTPS connection (1): tdilatam.freshdesk.com:443
2025-11-10 08:31:15 - urllib3.connectionpool - DEBUG - https://tdilatam.freshdesk.com:443 "GET /api/v2/tickets/31851 HTTP/1.1" 200 None
2025-11-10 08:31:15 - urllib3.connectionpool - DEBUG - Starting new HTTPS connection (1): tdilatam.freshdesk.com:443
2025-11-10 08:31:16 - urllib3.connectionpool - DEBUG - https://tdilatam.freshdesk.com:443 "GET /api/v2/tickets/31812 HTTP/1.1" 200 None
2025-11-10 08:31:16 - urllib3.connectionpool - DEBUG - Starting new HTTPS connection (1): tdilatam.freshdesk.com:443
2025-11-10 08:31:17 - urllib3.connectionpool - DEBUG - https://tdilatam.freshdesk.com:443 "POST /api/v2/tickets/31812/notes HTTP/1.1" 201 None
2025-11-10 08:31:17 - urllib3.connectionpool - DEBUG - Starting new HTTPS connection (1): tdilatam.freshdesk.com:443
2025-11-10 08:31:18 - urllib3.connectionpool - DEBUG - https://tdilatam.freshdesk.com:443 "GET /api/v2/tickets/31796 HTTP/1.1" 200 None
2025-11-10 08:31:18 - urllib3.connectionpool - DEBUG - Starting new HTTPS connection (1): tdilatam.freshdesk.com:443
2025-11-10 08:31:19 - urllib3.connectionpool - DEBUG - https://tdilatam.freshdesk.com:443 "POST /api/v2/tickets/31796/notes HTTP/1.1" 201 None
2025-11-10 08:31:19 - urllib3.connectionpool - DEBUG - Starting new HTTPS connection (1): tdilatam.freshdesk.com:443
2025-11-10 08:31:20 - urllib3.connectionpool - DEBUG - https://tdilatam.freshdesk.com:443 "GET /api/v2/tickets/31789 HTTP/1.1" 200 None
2025-11-10 08:31:20 - urllib3.connectionpool - DEBUG - Starting new HTTPS connection (1): tdilatam.freshdesk.com:443
2025-11-10 08:31:21 - urllib3.connectionpool - DEBUG - https://tdilatam.freshdesk.com:443 "POST /api/v2/tickets/31789/notes HTTP/1.1" 201 None
2025-11-10 08:31:21 - urllib3.connectionpool - DEBUG - Starting new HTTPS connection (1): tdilatam.freshdesk.com:443
2025-11-10 08:31:22 - urllib3.connectionpool - DEBUG - https://tdilatam.freshdesk.com:443 "GET /api/v2/tickets/31788 HTTP/1.1" 200 None
2025-11-10 08:31:22 - urllib3.connectionpool - DEBUG - Starting new HTTPS connection (1): tdilatam.freshdesk.com:443
2025-11-10 08:31:23 - urllib3.connectionpool - DEBUG - https://tdilatam.freshdesk.com:443 "POST /api/v2/tickets/31788/notes HTTP/1.1" 201 None
2025-11-10 08:31:23 - urllib3.connectionpool - DEBUG - Starting new HTTPS connection (1): tdilatam.freshdesk.com:443
2025-11-10 08:31:24 - urllib3.connectionpool - DEBUG - https://tdilatam.freshdesk.com:443 "GET /api/v2/tickets/31786 HTTP/1.1" 200 None
2025-11-10 08:31:24 - urllib3.connectionpool - DEBUG - Starting new HTTPS connection (1): tdilatam.freshdesk.com:443
2025-11-10 08:31:25 - urllib3.connectionpool - DEBUG - https://tdilatam.freshdesk.com:443 "POST /api/v2/tickets/31786/notes HTTP/1.1" 201 None
2025-11-10 08:31:25 - urllib3.connectionpool - DEBUG - Starting new HTTPS connection (1): tdilatam.freshdesk.com:443
2025-11-10 08:31:25 - urllib3.connectionpool - DEBUG - https://tdilatam.freshdesk.com:443 "GET /api/v2/tickets/31772 HTTP/1.1" 200 None
2025-11-10 08:31:25 - urllib3.connectionpool - DEBUG - Starting new HTTPS connection (1): tdilatam.freshdesk.com:443
2025-11-10 08:31:26 - urllib3.connectionpool - DEBUG - https://tdilatam.freshdesk.com:443 "POST /api/v2/tickets/31772/notes HTTP/1.1" 201 None
2025-11-10 08:31:26 - urllib3.connectionpool - DEBUG - Starting new HTTPS connection (1): tdilatam.freshdesk.com:443
2025-11-10 08:31:27 - urllib3.connectionpool - DEBUG - https://tdilatam.freshdesk.com:443 "GET /api/v2/tickets/31656 HTTP/1.1" 200 None
2025-11-10 08:31:27 - urllib3.connectionpool - DEBUG - Starting new HTTPS connection (1): tdilatam.freshdesk.com:443
2025-11-10 08:31:28 - urllib3.connectionpool - DEBUG - https://tdilatam.freshdesk.com:443 "POST /api/v2/tickets/31656/notes HTTP/1.1" 201 None
2025-11-10 08:31:28 - urllib3.connectionpool - DEBUG - Starting new HTTPS connection (1): tdilatam.freshdesk.com:443
2025-11-10 08:31:29 - urllib3.connectionpool - DEBUG - https://tdilatam.freshdesk.com:443 "GET /api/v2/tickets/31420 HTTP/1.1" 200 None
2025-11-10 08:31:29 - urllib3.connectionpool - DEBUG - Starting new HTTPS connection (1): tdilatam.freshdesk.com:443
2025-11-10 08:31:30 - urllib3.connectionpool - DEBUG - https://tdilatam.freshdesk.com:443 "GET /api/v2/tickets/31294 HTTP/1.1" 200 None
2025-11-10 08:31:30 - urllib3.connectionpool - DEBUG - Starting new HTTPS connection (1): tdilatam.freshdesk.com:443
2025-11-10 08:31:30 - urllib3.connectionpool - DEBUG - https://tdilatam.freshdesk.com:443 "GET /api/v2/tickets/30924 HTTP/1.1" 200 None
2025-11-10 08:31:30 - urllib3.connectionpool - DEBUG - Starting new HTTPS connection (1): tdilatam.freshdesk.com:443
2025-11-10 08:31:31 - urllib3.connectionpool - DEBUG - https://tdilatam.freshdesk.com:443 "GET /api/v2/tickets/30350 HTTP/1.1" 200 None
2025-11-10 08:31:31 - urllib3.connectionpool - DEBUG - Starting new HTTPS connection (1): tdilatam.freshdesk.com:443
2025-11-10 08:31:32 - urllib3.connectionpool - DEBUG - https://tdilatam.freshdesk.com:443 "GET /api/v2/tickets/30196 HTTP/1.1" 200 None
2025-11-10 08:31:32 - urllib3.connectionpool - DEBUG - Starting new HTTPS connection (1): tdilatam.freshdesk.com:443
2025-11-10 08:31:32 - urllib3.connectionpool - DEBUG - https://tdilatam.freshdesk.com:443 "GET /api/v2/tickets/29798 HTTP/1.1" 200 None
2025-11-10 08:31:32 - urllib3.connectionpool - DEBUG - Starting new HTTPS connection (1): tdilatam.freshdesk.com:443
2025-11-10 08:31:33 - urllib3.connectionpool - DEBUG - https://tdilatam.freshdesk.com:443 "GET /api/v2/tickets/29759 HTTP/1.1" 200 None
2025-11-10 08:31:33 - urllib3.connectionpool - DEBUG - Starting new HTTPS connection (1): tdilatam.freshdesk.com:443
2025-11-10 08:31:34 - urllib3.connectionpool - DEBUG - https://tdilatam.freshdesk.com:443 "GET /api/v2/tickets/29176 HTTP/1.1" 200 None
2025-11-10 08:31:34 - urllib3.connectionpool - DEBUG - Starting new HTTPS connection (1): tdilatam.freshdesk.com:443
2025-11-10 08:31:35 - urllib3.connectionpool - DEBUG - https://tdilatam.freshdesk.com:443 "POST /api/v2/tickets/29176/notes HTTP/1.1" 201 None
2025-11-10 08:31:35 - urllib3.connectionpool - DEBUG - Starting new HTTPS connection (1): tdilatam.freshdesk.com:443
2025-11-10 08:31:35 - urllib3.connectionpool - DEBUG - https://tdilatam.freshdesk.com:443 "GET /api/v2/tickets/29172 HTTP/1.1" 200 None
2025-11-10 08:31:35 - urllib3.connectionpool - DEBUG - Starting new HTTPS connection (1): tdilatam.freshdesk.com:443
2025-11-10 08:31:36 - urllib3.connectionpool - DEBUG - https://tdilatam.freshdesk.com:443 "GET /api/v2/tickets/28756 HTTP/1.1" 200 None
2025-11-10 08:31:36 - urllib3.connectionpool - DEBUG - Starting new HTTPS connection (1): tdilatam.freshdesk.com:443
2025-11-10 08:31:37 - urllib3.connectionpool - DEBUG - https://tdilatam.freshdesk.com:443 "GET /api/v2/tickets/28700 HTTP/1.1" 200 None
2025-11-10 08:31:37 - urllib3.connectionpool - DEBUG - Starting new HTTPS connection (1): tdilatam.freshdesk.com:443
2025-11-10 08:31:38 - urllib3.connectionpool - DEBUG - https://tdilatam.freshdesk.com:443 "GET /api/v2/tickets/28471 HTTP/1.1" 200 None
2025-11-10 08:31:38 - urllib3.connectionpool - DEBUG - Starting new HTTPS connection (1): tdilatam.freshdesk.com:443
2025-11-10 08:31:38 - urllib3.connectionpool - DEBUG - https://tdilatam.freshdesk.com:443 "GET /api/v2/tickets/28295 HTTP/1.1" 200 None
2025-11-10 08:31:38 - urllib3.connectionpool - DEBUG - Starting new HTTPS connection (1): tdilatam.freshdesk.com:443
2025-11-10 08:31:39 - urllib3.connectionpool - DEBUG - https://tdilatam.freshdesk.com:443 "GET /api/v2/tickets/28275 HTTP/1.1" 200 None
2025-11-10 08:31:39 - urllib3.connectionpool - DEBUG - Starting new HTTPS connection (1): tdilatam.freshdesk.com:443
2025-11-10 08:31:40 - urllib3.connectionpool - DEBUG - https://tdilatam.freshdesk.com:443 "GET /api/v2/tickets/28270 HTTP/1.1" 200 None
2025-11-10 08:31:40 - urllib3.connectionpool - DEBUG - Starting new HTTPS connection (1): tdilatam.freshdesk.com:443
2025-11-10 08:31:40 - urllib3.connectionpool - DEBUG - https://tdilatam.freshdesk.com:443 "GET /api/v2/tickets/28218 HTTP/1.1" 200 None
2025-11-10 08:31:40 - urllib3.connectionpool - DEBUG - Starting new HTTPS connection (1): tdilatam.freshdesk.com:443
2025-11-10 08:31:41 - urllib3.connectionpool - DEBUG - https://tdilatam.freshdesk.com:443 "GET /api/v2/tickets/28199 HTTP/1.1" 200 None
2025-11-10 08:31:41 - urllib3.connectionpool - DEBUG - Starting new HTTPS connection (1): tdilatam.freshdesk.com:443
2025-11-10 08:31:42 - urllib3.connectionpool - DEBUG - https://tdilatam.freshdesk.com:443 "GET /api/v2/tickets/28026 HTTP/1.1" 200 None
2025-11-10 08:31:42 - urllib3.connectionpool - DEBUG - Starting new HTTPS connection (1): tdilatam.freshdesk.com:443
2025-11-10 08:31:43 - urllib3.connectionpool - DEBUG - https://tdilatam.freshdesk.com:443 "GET /api/v2/tickets/27939 HTTP/1.1" 200 None
2025-11-10 08:31:43 - urllib3.connectionpool - DEBUG - Starting new HTTPS connection (1): tdilatam.freshdesk.com:443
2025-11-10 08:31:44 - urllib3.connectionpool - DEBUG - https://tdilatam.freshdesk.com:443 "GET /api/v2/tickets/26979 HTTP/1.1" 200 None
2025-11-10 08:31:44 - urllib3.connectionpool - DEBUG - Starting new HTTPS connection (1): tdilatam.freshdesk.com:443
2025-11-10 08:31:44 - urllib3.connectionpool - DEBUG - https://tdilatam.freshdesk.com:443 "GET /api/v2/tickets/25935 HTTP/1.1" 200 None
2025-11-10 08:31:44 - urllib3.connectionpool - DEBUG - Starting new HTTPS connection (1): tdilatam.freshdesk.com:443
2025-11-10 08:31:45 - urllib3.connectionpool - DEBUG - https://tdilatam.freshdesk.com:443 "GET /api/v2/tickets/25568 HTTP/1.1" 200 None
2025-11-10 08:31:45 - urllib3.connectionpool - DEBUG - Starting new HTTPS connection (1): tdilatam.freshdesk.com:443
2025-11-10 08:31:46 - urllib3.connectionpool - DEBUG - https://tdilatam.freshdesk.com:443 "GET /api/v2/tickets/15821 HTTP/1.1" 200 None
2025-11-10 08:31:46 - urllib3.connectionpool - DEBUG - Starting new HTTPS connection (1): tdilatam.freshdesk.com:443
2025-11-10 08:31:47 - urllib3.connectionpool - DEBUG - https://tdilatam.freshdesk.com:443 "GET /api/v2/tickets/15704 HTTP/1.1" 200 None
2025-11-10 08:31:47 - urllib3.connectionpool - DEBUG - Starting new HTTPS connection (1): tdilatam.freshdesk.com:443
2025-11-10 08:31:47 - urllib3.connectionpool - DEBUG - https://tdilatam.freshdesk.com:443 "GET /api/v2/tickets/12903 HTTP/1.1" 200 None
2025-11-10 08:31:47 - urllib3.connectionpool - DEBUG - Starting new HTTPS connection (1): tdilatam.freshdesk.com:443
2025-11-10 08:31:48 - urllib3.connectionpool - DEBUG - https://tdilatam.freshdesk.com:443 "GET /api/v2/tickets/12658 HTTP/1.1" 200 None
2025-11-10 08:36:45 - SyncDeskManager - INFO - TRANSACTION_START: SYNC_STATES_20251110_083645 - Sincronización estados Freshdesk → Clarity
2025-11-10 08:36:45 - SyncDeskManager - INFO - Transacción iniciada: SYNC_STATES_20251110_083645
2025-11-10 08:36:56 - SyncDeskManager - INFO - Análisis completado: 1627 coincidencias, 12 sin coincidencia
2025-11-10 08:37:02 - SyncDeskManager - INFO - Iniciando comparación de estados...
2025-11-10 08:37:02 - SyncDeskManager - DEBUG - Ticket 32192: Diferencia encontrada Abierta -> Cerrada
2025-11-10 08:37:03 - SyncDeskManager - DEBUG - Ticket 32214: Diferencia encontrada Abierta -> Cerrada
2025-11-10 08:37:03 - SyncDeskManager - DEBUG - Ticket 32215: Diferencia encontrada Abierta -> Cerrada
2025-11-10 08:37:03 - SyncDeskManager - DEBUG - Ticket 32216: Diferencia encontrada Abierta -> Cerrada
2025-11-10 08:37:03 - SyncDeskManager - DEBUG - Ticket 32217: Diferencia encontrada Abierta -> Cerrada
2025-11-10 08:37:03 - SyncDeskManager - DEBUG - Ticket 32224: Diferencia encontrada Abierta -> En progreso
2025-11-10 08:37:03 - SyncDeskManager - DEBUG - Ticket 32225: Diferencia encontrada Abierta -> Cerrada
2025-11-10 08:37:03 - SyncDeskManager - DEBUG - Ticket 32226: Diferencia encontrada Abierta -> Cerrada
2025-11-10 08:37:03 - SyncDeskManager - DEBUG - Ticket 32255: Diferencia encontrada Abierta -> Cerrada
2025-11-10 08:37:03 - SyncDeskManager - DEBUG - Ticket 32485: Diferencia encontrada En progreso -> Esperando al cliente
2025-11-10 08:37:04 - SyncDeskManager - DEBUG - Ticket 32782: Diferencia encontrada En progreso -> Esperando al cliente
2025-11-10 08:37:04 - SyncDeskManager - DEBUG - Ticket 32914: Diferencia encontrada Resuelto -> Cerrada
2025-11-10 08:37:04 - SyncDeskManager - DEBUG - Ticket 33022: Diferencia encontrada Esperando al cliente -> Resuelto
2025-11-10 08:37:04 - SyncDeskManager - DEBUG - Ticket 33036: Diferencia encontrada En evaluación -> Esperando al cliente
2025-11-10 08:37:04 - SyncDeskManager - DEBUG - Ticket 33082: Diferencia encontrada Esperando al cliente -> Derivado al Fabricante
2025-11-10 08:37:05 - SyncDeskManager - DEBUG - Ticket 33566: No encontrado en Clarity
2025-11-10 08:37:05 - SyncDeskManager - DEBUG - Ticket 33714: Diferencia encontrada En progreso -> Esperando al cliente
2025-11-10 08:37:06 - SyncDeskManager - DEBUG - Ticket 33803: Diferencia encontrada Esperando al cliente -> Cerrada
2025-11-10 08:37:06 - SyncDeskManager - DEBUG - Ticket 33812: Diferencia encontrada En evaluación -> Esperando al cliente
2025-11-10 08:37:06 - SyncDeskManager - DEBUG - Ticket 34008: No encontrado en Clarity
2025-11-10 08:37:06 - SyncDeskManager - DEBUG - Ticket 34038: Diferencia encontrada Abierta -> Esperando al cliente
2025-11-10 08:37:06 - SyncDeskManager - DEBUG - Ticket 34058: Diferencia encontrada Abierta -> En progreso
2025-11-10 08:37:06 - SyncDeskManager - DEBUG - Ticket 34084: Diferencia encontrada Resuelto -> Cerrada
2025-11-10 08:37:06 - SyncDeskManager - DEBUG - Ticket 34085: Diferencia encontrada En progreso -> Derivado al Fabricante
2025-11-10 08:37:06 - SyncDeskManager - DEBUG - Ticket 34089: Diferencia encontrada En progreso -> Esperando al cliente
2025-11-10 08:37:06 - SyncDeskManager - DEBUG - Ticket 34119: Diferencia encontrada Abierta -> Esperando al cliente
2025-11-10 08:37:06 - SyncDeskManager - DEBUG - Ticket 34129: Diferencia encontrada Esperando al cliente -> Cerrada
2025-11-10 08:37:06 - SyncDeskManager - DEBUG - Ticket 34173: No encontrado en Clarity
2025-11-10 08:37:06 - SyncDeskManager - DEBUG - Ticket 34183: Diferencia encontrada Resuelto -> Cerrada
2025-11-10 08:37:06 - SyncDeskManager - DEBUG - Ticket 34187: Diferencia encontrada En progreso -> Cerrada
2025-11-10 08:37:06 - SyncDeskManager - DEBUG - Ticket 34188: No encontrado en Clarity
2025-11-10 08:37:06 - SyncDeskManager - DEBUG - Ticket 34208: No encontrado en Clarity
2025-11-10 08:37:06 - SyncDeskManager - DEBUG - Ticket 34256: No encontrado en Clarity
2025-11-10 08:37:06 - SyncDeskManager - DEBUG - Ticket 34268: No encontrado en Clarity
2025-11-10 08:37:06 - SyncDeskManager - DEBUG - Ticket 34269: No encontrado en Clarity
2025-11-10 08:37:06 - SyncDeskManager - DEBUG - Ticket 34270: No encontrado en Clarity
2025-11-10 08:37:06 - SyncDeskManager - DEBUG - Ticket 34272: No encontrado en Clarity
2025-11-10 08:37:06 - SyncDeskManager - DEBUG - Ticket 34273: No encontrado en Clarity
2025-11-10 08:37:06 - SyncDeskManager - DEBUG - Ticket 34274: No encontrado en Clarity
2025-11-10 08:37:06 - SyncDeskManager - INFO - Comparación completada: 27 diferencias encontradas
2025-11-10 08:37:06 - SyncDeskManager - INFO - Buscando IDs de Clarity para 27 tickets...
2025-11-10 08:37:06 - SyncDeskManager - DEBUG - Buscando ticket 32192 directamente en Clarity...
2025-11-10 08:37:06 - urllib3.connectionpool - DEBUG - Starting new HTTPS connection (1): pmservice.tdilatam.com:8043
2025-11-10 08:37:07 - urllib3.connectionpool - DEBUG - https://pmservice.tdilatam.com:8043 "GET /ppm/rest/v1/tasks?filter=%28code+%3D+%2732192%27%29&limit=1&fields=code%2Cp_tdi_estado_freshdesk%2C_internalId%2C_parentId%2Cname%2Cstatus HTTP/1.1" 200 425
2025-11-10 08:37:07 - SyncDeskManager - INFO - Ticket 32192 encontrado directamente
2025-11-10 08:37:07 - SyncDeskManager - DEBUG - Buscando ticket 32214 directamente en Clarity...
2025-11-10 08:37:07 - urllib3.connectionpool - DEBUG - https://pmservice.tdilatam.com:8043 "GET /ppm/rest/v1/tasks?filter=%28code+%3D+%2732214%27%29&limit=1&fields=code%2Cp_tdi_estado_freshdesk%2C_internalId%2C_parentId%2Cname%2Cstatus HTTP/1.1" 200 451
2025-11-10 08:37:07 - SyncDeskManager - INFO - Ticket 32214 encontrado directamente
2025-11-10 08:37:07 - SyncDeskManager - DEBUG - Buscando ticket 32215 directamente en Clarity...
2025-11-10 08:37:07 - urllib3.connectionpool - DEBUG - https://pmservice.tdilatam.com:8043 "GET /ppm/rest/v1/tasks?filter=%28code+%3D+%2732215%27%29&limit=1&fields=code%2Cp_tdi_estado_freshdesk%2C_internalId%2C_parentId%2Cname%2Cstatus HTTP/1.1" 200 444
2025-11-10 08:37:07 - SyncDeskManager - INFO - Ticket 32215 encontrado directamente
2025-11-10 08:37:07 - SyncDeskManager - DEBUG - Buscando ticket 32216 directamente en Clarity...
2025-11-10 08:37:07 - urllib3.connectionpool - DEBUG - https://pmservice.tdilatam.com:8043 "GET /ppm/rest/v1/tasks?filter=%28code+%3D+%2732216%27%29&limit=1&fields=code%2Cp_tdi_estado_freshdesk%2C_internalId%2C_parentId%2Cname%2Cstatus HTTP/1.1" 200 435
2025-11-10 08:37:07 - SyncDeskManager - INFO - Ticket 32216 encontrado directamente
2025-11-10 08:37:07 - SyncDeskManager - DEBUG - Buscando ticket 32217 directamente en Clarity...
2025-11-10 08:37:07 - urllib3.connectionpool - DEBUG - https://pmservice.tdilatam.com:8043 "GET /ppm/rest/v1/tasks?filter=%28code+%3D+%2732217%27%29&limit=1&fields=code%2Cp_tdi_estado_freshdesk%2C_internalId%2C_parentId%2Cname%2Cstatus HTTP/1.1" 200 440
2025-11-10 08:37:07 - SyncDeskManager - INFO - Ticket 32217 encontrado directamente
2025-11-10 08:37:07 - SyncDeskManager - DEBUG - Buscando ticket 32224 directamente en Clarity...
2025-11-10 08:37:07 - urllib3.connectionpool - DEBUG - https://pmservice.tdilatam.com:8043 "GET /ppm/rest/v1/tasks?filter=%28code+%3D+%2732224%27%29&limit=1&fields=code%2Cp_tdi_estado_freshdesk%2C_internalId%2C_parentId%2Cname%2Cstatus HTTP/1.1" 200 434
2025-11-10 08:37:07 - SyncDeskManager - INFO - Ticket 32224 encontrado directamente
2025-11-10 08:37:07 - SyncDeskManager - DEBUG - Buscando ticket 32225 directamente en Clarity...
2025-11-10 08:37:07 - urllib3.connectionpool - DEBUG - https://pmservice.tdilatam.com:8043 "GET /ppm/rest/v1/tasks?filter=%28code+%3D+%2732225%27%29&limit=1&fields=code%2Cp_tdi_estado_freshdesk%2C_internalId%2C_parentId%2Cname%2Cstatus HTTP/1.1" 200 433
2025-11-10 08:37:07 - SyncDeskManager - INFO - Ticket 32225 encontrado directamente
2025-11-10 08:37:07 - SyncDeskManager - DEBUG - Buscando ticket 32226 directamente en Clarity...
2025-11-10 08:37:07 - urllib3.connectionpool - DEBUG - https://pmservice.tdilatam.com:8043 "GET /ppm/rest/v1/tasks?filter=%28code+%3D+%2732226%27%29&limit=1&fields=code%2Cp_tdi_estado_freshdesk%2C_internalId%2C_parentId%2Cname%2Cstatus HTTP/1.1" 200 462
2025-11-10 08:37:07 - SyncDeskManager - INFO - Ticket 32226 encontrado directamente
2025-11-10 08:37:07 - SyncDeskManager - DEBUG - Buscando ticket 32255 directamente en Clarity...
2025-11-10 08:37:08 - urllib3.connectionpool - DEBUG - https://pmservice.tdilatam.com:8043 "GET /ppm/rest/v1/tasks?filter=%28code+%3D+%2732255%27%29&limit=1&fields=code%2Cp_tdi_estado_freshdesk%2C_internalId%2C_parentId%2Cname%2Cstatus HTTP/1.1" 200 434
2025-11-10 08:37:08 - SyncDeskManager - INFO - Ticket 32255 encontrado directamente
2025-11-10 08:37:08 - SyncDeskManager - DEBUG - Buscando ticket 32485 directamente en Clarity...
2025-11-10 08:37:08 - urllib3.connectionpool - DEBUG - https://pmservice.tdilatam.com:8043 "GET /ppm/rest/v1/tasks?filter=%28code+%3D+%2732485%27%29&limit=1&fields=code%2Cp_tdi_estado_freshdesk%2C_internalId%2C_parentId%2Cname%2Cstatus HTTP/1.1" 200 381
2025-11-10 08:37:08 - SyncDeskManager - INFO - Ticket 32485 encontrado directamente
2025-11-10 08:37:08 - SyncDeskManager - DEBUG - Buscando ticket 32782 directamente en Clarity...
2025-11-10 08:37:08 - urllib3.connectionpool - DEBUG - https://pmservice.tdilatam.com:8043 "GET /ppm/rest/v1/tasks?filter=%28code+%3D+%2732782%27%29&limit=1&fields=code%2Cp_tdi_estado_freshdesk%2C_internalId%2C_parentId%2Cname%2Cstatus HTTP/1.1" 200 392
2025-11-10 08:37:08 - SyncDeskManager - INFO - Ticket 32782 encontrado directamente
2025-11-10 08:37:08 - SyncDeskManager - DEBUG - Buscando ticket 32914 directamente en Clarity...
2025-11-10 08:37:08 - urllib3.connectionpool - DEBUG - https://pmservice.tdilatam.com:8043 "GET /ppm/rest/v1/tasks?filter=%28code+%3D+%2732914%27%29&limit=1&fields=code%2Cp_tdi_estado_freshdesk%2C_internalId%2C_parentId%2Cname%2Cstatus HTTP/1.1" 200 422
2025-11-10 08:37:08 - SyncDeskManager - INFO - Ticket 32914 encontrado directamente
2025-11-10 08:37:08 - SyncDeskManager - DEBUG - Buscando ticket 33022 directamente en Clarity...
2025-11-10 08:37:08 - urllib3.connectionpool - DEBUG - https://pmservice.tdilatam.com:8043 "GET /ppm/rest/v1/tasks?filter=%28code+%3D+%2733022%27%29&limit=1&fields=code%2Cp_tdi_estado_freshdesk%2C_internalId%2C_parentId%2Cname%2Cstatus HTTP/1.1" 200 410
2025-11-10 08:37:08 - SyncDeskManager - INFO - Ticket 33022 encontrado directamente
2025-11-10 08:37:08 - SyncDeskManager - DEBUG - Buscando ticket 33036 directamente en Clarity...
2025-11-10 08:37:08 - urllib3.connectionpool - DEBUG - https://pmservice.tdilatam.com:8043 "GET /ppm/rest/v1/tasks?filter=%28code+%3D+%2733036%27%29&limit=1&fields=code%2Cp_tdi_estado_freshdesk%2C_internalId%2C_parentId%2Cname%2Cstatus HTTP/1.1" 200 397
2025-11-10 08:37:08 - SyncDeskManager - INFO - Ticket 33036 encontrado directamente
2025-11-10 08:37:08 - SyncDeskManager - DEBUG - Buscando ticket 33082 directamente en Clarity...
2025-11-10 08:37:08 - urllib3.connectionpool - DEBUG - https://pmservice.tdilatam.com:8043 "GET /ppm/rest/v1/tasks?filter=%28code+%3D+%2733082%27%29&limit=1&fields=code%2Cp_tdi_estado_freshdesk%2C_internalId%2C_parentId%2Cname%2Cstatus HTTP/1.1" 200 397
2025-11-10 08:37:08 - SyncDeskManager - INFO - Ticket 33082 encontrado directamente
2025-11-10 08:37:08 - SyncDeskManager - DEBUG - Buscando ticket 33714 directamente en Clarity...
2025-11-10 08:37:08 - urllib3.connectionpool - DEBUG - https://pmservice.tdilatam.com:8043 "GET /ppm/rest/v1/tasks?filter=%28code+%3D+%2733714%27%29&limit=1&fields=code%2Cp_tdi_estado_freshdesk%2C_internalId%2C_parentId%2Cname%2Cstatus HTTP/1.1" 200 403
2025-11-10 08:37:08 - SyncDeskManager - INFO - Ticket 33714 encontrado directamente
2025-11-10 08:37:08 - SyncDeskManager - DEBUG - Buscando ticket 33803 directamente en Clarity...
2025-11-10 08:37:08 - urllib3.connectionpool - DEBUG - https://pmservice.tdilatam.com:8043 "GET /ppm/rest/v1/tasks?filter=%28code+%3D+%2733803%27%29&limit=1&fields=code%2Cp_tdi_estado_freshdesk%2C_internalId%2C_parentId%2Cname%2Cstatus HTTP/1.1" 200 438
2025-11-10 08:37:08 - SyncDeskManager - INFO - Ticket 33803 encontrado directamente
2025-11-10 08:37:08 - SyncDeskManager - DEBUG - Buscando ticket 33812 directamente en Clarity...
2025-11-10 08:37:08 - urllib3.connectionpool - DEBUG - https://pmservice.tdilatam.com:8043 "GET /ppm/rest/v1/tasks?filter=%28code+%3D+%2733812%27%29&limit=1&fields=code%2Cp_tdi_estado_freshdesk%2C_internalId%2C_parentId%2Cname%2Cstatus HTTP/1.1" 200 461
2025-11-10 08:37:08 - SyncDeskManager - INFO - Ticket 33812 encontrado directamente
2025-11-10 08:37:08 - SyncDeskManager - DEBUG - Buscando ticket 34038 directamente en Clarity...
2025-11-10 08:37:08 - urllib3.connectionpool - DEBUG - https://pmservice.tdilatam.com:8043 "GET /ppm/rest/v1/tasks?filter=%28code+%3D+%2734038%27%29&limit=1&fields=code%2Cp_tdi_estado_freshdesk%2C_internalId%2C_parentId%2Cname%2Cstatus HTTP/1.1" 200 370
2025-11-10 08:37:08 - SyncDeskManager - INFO - Ticket 34038 encontrado directamente
2025-11-10 08:37:08 - SyncDeskManager - DEBUG - Buscando ticket 34058 directamente en Clarity...
2025-11-10 08:37:08 - urllib3.connectionpool - DEBUG - https://pmservice.tdilatam.com:8043 "GET /ppm/rest/v1/tasks?filter=%28code+%3D+%2734058%27%29&limit=1&fields=code%2Cp_tdi_estado_freshdesk%2C_internalId%2C_parentId%2Cname%2Cstatus HTTP/1.1" 200 367
2025-11-10 08:37:08 - SyncDeskManager - INFO - Ticket 34058 encontrado directamente
2025-11-10 08:37:08 - SyncDeskManager - DEBUG - Buscando ticket 34084 directamente en Clarity...
2025-11-10 08:37:08 - urllib3.connectionpool - DEBUG - https://pmservice.tdilatam.com:8043 "GET /ppm/rest/v1/tasks?filter=%28code+%3D+%2734084%27%29&limit=1&fields=code%2Cp_tdi_estado_freshdesk%2C_internalId%2C_parentId%2Cname%2Cstatus HTTP/1.1" 200 420
2025-11-10 08:37:08 - SyncDeskManager - INFO - Ticket 34084 encontrado directamente
2025-11-10 08:37:08 - SyncDeskManager - DEBUG - Buscando ticket 34085 directamente en Clarity...
2025-11-10 08:37:08 - urllib3.connectionpool - DEBUG - https://pmservice.tdilatam.com:8043 "GET /ppm/rest/v1/tasks?filter=%28code+%3D+%2734085%27%29&limit=1&fields=code%2Cp_tdi_estado_freshdesk%2C_internalId%2C_parentId%2Cname%2Cstatus HTTP/1.1" 200 394
2025-11-10 08:37:08 - SyncDeskManager - INFO - Ticket 34085 encontrado directamente
2025-11-10 08:37:08 - SyncDeskManager - DEBUG - Buscando ticket 34089 directamente en Clarity...
2025-11-10 08:37:08 - urllib3.connectionpool - DEBUG - https://pmservice.tdilatam.com:8043 "GET /ppm/rest/v1/tasks?filter=%28code+%3D+%2734089%27%29&limit=1&fields=code%2Cp_tdi_estado_freshdesk%2C_internalId%2C_parentId%2Cname%2Cstatus HTTP/1.1" 200 401
2025-11-10 08:37:08 - SyncDeskManager - INFO - Ticket 34089 encontrado directamente
2025-11-10 08:37:08 - SyncDeskManager - DEBUG - Buscando ticket 34119 directamente en Clarity...
2025-11-10 08:37:08 - urllib3.connectionpool - DEBUG - https://pmservice.tdilatam.com:8043 "GET /ppm/rest/v1/tasks?filter=%28code+%3D+%2734119%27%29&limit=1&fields=code%2Cp_tdi_estado_freshdesk%2C_internalId%2C_parentId%2Cname%2Cstatus HTTP/1.1" 200 427
2025-11-10 08:37:08 - SyncDeskManager - INFO - Ticket 34119 encontrado directamente
2025-11-10 08:37:08 - SyncDeskManager - DEBUG - Buscando ticket 34129 directamente en Clarity...
2025-11-10 08:37:08 - urllib3.connectionpool - DEBUG - https://pmservice.tdilatam.com:8043 "GET /ppm/rest/v1/tasks?filter=%28code+%3D+%2734129%27%29&limit=1&fields=code%2Cp_tdi_estado_freshdesk%2C_internalId%2C_parentId%2Cname%2Cstatus HTTP/1.1" 200 386
2025-11-10 08:37:08 - SyncDeskManager - INFO - Ticket 34129 encontrado directamente
2025-11-10 08:37:08 - SyncDeskManager - DEBUG - Buscando ticket 34183 directamente en Clarity...
2025-11-10 08:37:09 - urllib3.connectionpool - DEBUG - https://pmservice.tdilatam.com:8043 "GET /ppm/rest/v1/tasks?filter=%28code+%3D+%2734183%27%29&limit=1&fields=code%2Cp_tdi_estado_freshdesk%2C_internalId%2C_parentId%2Cname%2Cstatus HTTP/1.1" 200 413
2025-11-10 08:37:09 - SyncDeskManager - INFO - Ticket 34183 encontrado directamente
2025-11-10 08:37:09 - SyncDeskManager - DEBUG - Buscando ticket 34187 directamente en Clarity...
2025-11-10 08:37:09 - urllib3.connectionpool - DEBUG - https://pmservice.tdilatam.com:8043 "GET /ppm/rest/v1/tasks?filter=%28code+%3D+%2734187%27%29&limit=1&fields=code%2Cp_tdi_estado_freshdesk%2C_internalId%2C_parentId%2Cname%2Cstatus HTTP/1.1" 200 420
2025-11-10 08:37:09 - SyncDeskManager - INFO - Ticket 34187 encontrado directamente
2025-11-10 08:37:09 - SyncDeskManager - INFO - IDs obtenidos: 27/27 tickets
2025-11-10 08:37:33 - SyncDeskManager - ERROR - TRANSACTION_FAILED: SYNC_STATES_20251110_083645 - {'estado': 'CANCELLED', 'motivo': 'Usuario descargó Excel sin aplicar cambios'}
NoneType: None
2025-11-10 08:37:33 - SyncDeskManager - WARNING - Transacción cancelada: SYNC_STATES_20251110_083645 - Usuario descargó Excel sin aplicar cambios
2025-11-10 08:37:37 - SyncDeskManager - INFO - TRANSACTION_START: SYNC_STATES_20251110_083737 - Sincronización estados Freshdesk → Clarity
2025-11-10 08:37:37 - SyncDeskManager - INFO - Transacción iniciada: SYNC_STATES_20251110_083737
2025-11-10 08:37:51 - SyncDeskManager - INFO - Análisis completado: 1627 coincidencias, 12 sin coincidencia
2025-11-10 08:37:53 - SyncDeskManager - INFO - Iniciando comparación de estados...
2025-11-10 08:37:53 - SyncDeskManager - DEBUG - Ticket 32192: Diferencia encontrada Abierta -> Cerrada
2025-11-10 08:37:53 - SyncDeskManager - DEBUG - Ticket 32214: Diferencia encontrada Abierta -> Cerrada
2025-11-10 08:37:53 - SyncDeskManager - DEBUG - Ticket 32215: Diferencia encontrada Abierta -> Cerrada
2025-11-10 08:37:53 - SyncDeskManager - DEBUG - Ticket 32216: Diferencia encontrada Abierta -> Cerrada
2025-11-10 08:37:53 - SyncDeskManager - DEBUG - Ticket 32217: Diferencia encontrada Abierta -> Cerrada
2025-11-10 08:37:53 - SyncDeskManager - DEBUG - Ticket 32224: Diferencia encontrada Abierta -> En progreso
2025-11-10 08:37:53 - SyncDeskManager - DEBUG - Ticket 32225: Diferencia encontrada Abierta -> Cerrada
2025-11-10 08:37:53 - SyncDeskManager - DEBUG - Ticket 32226: Diferencia encontrada Abierta -> Cerrada
2025-11-10 08:37:53 - SyncDeskManager - DEBUG - Ticket 32255: Diferencia encontrada Abierta -> Cerrada
2025-11-10 08:37:53 - SyncDeskManager - DEBUG - Ticket 32485: Diferencia encontrada En progreso -> Esperando al cliente
2025-11-10 08:37:54 - SyncDeskManager - DEBUG - Ticket 32782: Diferencia encontrada En progreso -> Esperando al cliente
2025-11-10 08:37:54 - SyncDeskManager - DEBUG - Ticket 32914: Diferencia encontrada Resuelto -> Cerrada
2025-11-10 08:37:54 - SyncDeskManager - DEBUG - Ticket 33022: Diferencia encontrada Esperando al cliente -> Resuelto
2025-11-10 08:37:54 - SyncDeskManager - DEBUG - Ticket 33036: Diferencia encontrada En evaluación -> Esperando al cliente
2025-11-10 08:37:54 - SyncDeskManager - DEBUG - Ticket 33082: Diferencia encontrada Esperando al cliente -> Derivado al Fabricante
2025-11-10 08:37:55 - SyncDeskManager - DEBUG - Ticket 33566: No encontrado en Clarity
2025-11-10 08:37:56 - SyncDeskManager - DEBUG - Ticket 33714: Diferencia encontrada En progreso -> Esperando al cliente
2025-11-10 08:37:56 - SyncDeskManager - DEBUG - Ticket 33803: Diferencia encontrada Esperando al cliente -> Cerrada
2025-11-10 08:37:56 - SyncDeskManager - DEBUG - Ticket 33812: Diferencia encontrada En evaluación -> Esperando al cliente
2025-11-10 08:37:56 - SyncDeskManager - DEBUG - Ticket 34008: No encontrado en Clarity
2025-11-10 08:37:57 - SyncDeskManager - DEBUG - Ticket 34038: Diferencia encontrada Abierta -> Esperando al cliente
2025-11-10 08:37:57 - SyncDeskManager - DEBUG - Ticket 34058: Diferencia encontrada Abierta -> En progreso
2025-11-10 08:37:57 - SyncDeskManager - DEBUG - Ticket 34084: Diferencia encontrada Resuelto -> Cerrada
2025-11-10 08:37:57 - SyncDeskManager - DEBUG - Ticket 34085: Diferencia encontrada En progreso -> Derivado al Fabricante
2025-11-10 08:37:57 - SyncDeskManager - DEBUG - Ticket 34089: Diferencia encontrada En progreso -> Esperando al cliente
2025-11-10 08:37:57 - SyncDeskManager - DEBUG - Ticket 34119: Diferencia encontrada Abierta -> Esperando al cliente
2025-11-10 08:37:57 - SyncDeskManager - DEBUG - Ticket 34129: Diferencia encontrada Esperando al cliente -> Cerrada
2025-11-10 08:37:57 - SyncDeskManager - DEBUG - Ticket 34173: No encontrado en Clarity
2025-11-10 08:37:57 - SyncDeskManager - DEBUG - Ticket 34183: Diferencia encontrada Resuelto -> Cerrada
2025-11-10 08:37:57 - SyncDeskManager - DEBUG - Ticket 34187: Diferencia encontrada En progreso -> Cerrada
2025-11-10 08:37:57 - SyncDeskManager - DEBUG - Ticket 34188: No encontrado en Clarity
2025-11-10 08:37:57 - SyncDeskManager - DEBUG - Ticket 34208: No encontrado en Clarity
2025-11-10 08:37:57 - SyncDeskManager - DEBUG - Ticket 34256: No encontrado en Clarity
2025-11-10 08:37:57 - SyncDeskManager - DEBUG - Ticket 34268: No encontrado en Clarity
2025-11-10 08:37:57 - SyncDeskManager - DEBUG - Ticket 34269: No encontrado en Clarity
2025-11-10 08:37:57 - SyncDeskManager - DEBUG - Ticket 34270: No encontrado en Clarity
2025-11-10 08:37:57 - SyncDeskManager - DEBUG - Ticket 34272: No encontrado en Clarity
2025-11-10 08:37:57 - SyncDeskManager - DEBUG - Ticket 34273: No encontrado en Clarity
2025-11-10 08:37:57 - SyncDeskManager - DEBUG - Ticket 34274: No encontrado en Clarity
2025-11-10 08:37:57 - SyncDeskManager - INFO - Comparación completada: 27 diferencias encontradas
2025-11-10 08:37:57 - SyncDeskManager - INFO - Buscando IDs de Clarity para 27 tickets...
2025-11-10 08:37:57 - SyncDeskManager - DEBUG - Buscando ticket 32192 directamente en Clarity...
2025-11-10 08:37:57 - urllib3.connectionpool - DEBUG - Starting new HTTPS connection (1): pmservice.tdilatam.com:8043
2025-11-10 08:37:58 - urllib3.connectionpool - DEBUG - https://pmservice.tdilatam.com:8043 "GET /ppm/rest/v1/tasks?filter=%28code+%3D+%2732192%27%29&limit=1&fields=code%2Cp_tdi_estado_freshdesk%2C_internalId%2C_parentId%2Cname%2Cstatus HTTP/1.1" 200 425
2025-11-10 08:37:58 - SyncDeskManager - INFO - Ticket 32192 encontrado directamente
2025-11-10 08:37:58 - SyncDeskManager - DEBUG - Buscando ticket 32214 directamente en Clarity...
2025-11-10 08:37:58 - urllib3.connectionpool - DEBUG - https://pmservice.tdilatam.com:8043 "GET /ppm/rest/v1/tasks?filter=%28code+%3D+%2732214%27%29&limit=1&fields=code%2Cp_tdi_estado_freshdesk%2C_internalId%2C_parentId%2Cname%2Cstatus HTTP/1.1" 200 451
2025-11-10 08:37:58 - SyncDeskManager - INFO - Ticket 32214 encontrado directamente
2025-11-10 08:37:58 - SyncDeskManager - DEBUG - Buscando ticket 32215 directamente en Clarity...
2025-11-10 08:37:58 - urllib3.connectionpool - DEBUG - https://pmservice.tdilatam.com:8043 "GET /ppm/rest/v1/tasks?filter=%28code+%3D+%2732215%27%29&limit=1&fields=code%2Cp_tdi_estado_freshdesk%2C_internalId%2C_parentId%2Cname%2Cstatus HTTP/1.1" 200 444
2025-11-10 08:37:58 - SyncDeskManager - INFO - Ticket 32215 encontrado directamente
2025-11-10 08:37:58 - SyncDeskManager - DEBUG - Buscando ticket 32216 directamente en Clarity...
2025-11-10 08:37:58 - urllib3.connectionpool - DEBUG - https://pmservice.tdilatam.com:8043 "GET /ppm/rest/v1/tasks?filter=%28code+%3D+%2732216%27%29&limit=1&fields=code%2Cp_tdi_estado_freshdesk%2C_internalId%2C_parentId%2Cname%2Cstatus HTTP/1.1" 200 435
2025-11-10 08:37:58 - SyncDeskManager - INFO - Ticket 32216 encontrado directamente
2025-11-10 08:37:58 - SyncDeskManager - DEBUG - Buscando ticket 32217 directamente en Clarity...
2025-11-10 08:37:58 - urllib3.connectionpool - DEBUG - https://pmservice.tdilatam.com:8043 "GET /ppm/rest/v1/tasks?filter=%28code+%3D+%2732217%27%29&limit=1&fields=code%2Cp_tdi_estado_freshdesk%2C_internalId%2C_parentId%2Cname%2Cstatus HTTP/1.1" 200 440
2025-11-10 08:37:58 - SyncDeskManager - INFO - Ticket 32217 encontrado directamente
2025-11-10 08:37:58 - SyncDeskManager - DEBUG - Buscando ticket 32224 directamente en Clarity...
2025-11-10 08:37:58 - urllib3.connectionpool - DEBUG - https://pmservice.tdilatam.com:8043 "GET /ppm/rest/v1/tasks?filter=%28code+%3D+%2732224%27%29&limit=1&fields=code%2Cp_tdi_estado_freshdesk%2C_internalId%2C_parentId%2Cname%2Cstatus HTTP/1.1" 200 434
2025-11-10 08:37:58 - SyncDeskManager - INFO - Ticket 32224 encontrado directamente
2025-11-10 08:37:58 - SyncDeskManager - DEBUG - Buscando ticket 32225 directamente en Clarity...
2025-11-10 08:37:58 - urllib3.connectionpool - DEBUG - https://pmservice.tdilatam.com:8043 "GET /ppm/rest/v1/tasks?filter=%28code+%3D+%2732225%27%29&limit=1&fields=code%2Cp_tdi_estado_freshdesk%2C_internalId%2C_parentId%2Cname%2Cstatus HTTP/1.1" 200 433
2025-11-10 08:37:58 - SyncDeskManager - INFO - Ticket 32225 encontrado directamente
2025-11-10 08:37:58 - SyncDeskManager - DEBUG - Buscando ticket 32226 directamente en Clarity...
2025-11-10 08:37:58 - urllib3.connectionpool - DEBUG - https://pmservice.tdilatam.com:8043 "GET /ppm/rest/v1/tasks?filter=%28code+%3D+%2732226%27%29&limit=1&fields=code%2Cp_tdi_estado_freshdesk%2C_internalId%2C_parentId%2Cname%2Cstatus HTTP/1.1" 200 462
2025-11-10 08:37:58 - SyncDeskManager - INFO - Ticket 32226 encontrado directamente
2025-11-10 08:37:58 - SyncDeskManager - DEBUG - Buscando ticket 32255 directamente en Clarity...
2025-11-10 08:37:58 - urllib3.connectionpool - DEBUG - https://pmservice.tdilatam.com:8043 "GET /ppm/rest/v1/tasks?filter=%28code+%3D+%2732255%27%29&limit=1&fields=code%2Cp_tdi_estado_freshdesk%2C_internalId%2C_parentId%2Cname%2Cstatus HTTP/1.1" 200 434
2025-11-10 08:37:58 - SyncDeskManager - INFO - Ticket 32255 encontrado directamente
2025-11-10 08:37:58 - SyncDeskManager - DEBUG - Buscando ticket 32485 directamente en Clarity...
2025-11-10 08:37:58 - urllib3.connectionpool - DEBUG - https://pmservice.tdilatam.com:8043 "GET /ppm/rest/v1/tasks?filter=%28code+%3D+%2732485%27%29&limit=1&fields=code%2Cp_tdi_estado_freshdesk%2C_internalId%2C_parentId%2Cname%2Cstatus HTTP/1.1" 200 381
2025-11-10 08:37:58 - SyncDeskManager - INFO - Ticket 32485 encontrado directamente
2025-11-10 08:37:58 - SyncDeskManager - DEBUG - Buscando ticket 32782 directamente en Clarity...
2025-11-10 08:37:58 - urllib3.connectionpool - DEBUG - https://pmservice.tdilatam.com:8043 "GET /ppm/rest/v1/tasks?filter=%28code+%3D+%2732782%27%29&limit=1&fields=code%2Cp_tdi_estado_freshdesk%2C_internalId%2C_parentId%2Cname%2Cstatus HTTP/1.1" 200 392
2025-11-10 08:37:58 - SyncDeskManager - INFO - Ticket 32782 encontrado directamente
2025-11-10 08:37:58 - SyncDeskManager - DEBUG - Buscando ticket 32914 directamente en Clarity...
2025-11-10 08:37:58 - urllib3.connectionpool - DEBUG - https://pmservice.tdilatam.com:8043 "GET /ppm/rest/v1/tasks?filter=%28code+%3D+%2732914%27%29&limit=1&fields=code%2Cp_tdi_estado_freshdesk%2C_internalId%2C_parentId%2Cname%2Cstatus HTTP/1.1" 200 422
2025-11-10 08:37:58 - SyncDeskManager - INFO - Ticket 32914 encontrado directamente
2025-11-10 08:37:58 - SyncDeskManager - DEBUG - Buscando ticket 33022 directamente en Clarity...
2025-11-10 08:37:59 - urllib3.connectionpool - DEBUG - https://pmservice.tdilatam.com:8043 "GET /ppm/rest/v1/tasks?filter=%28code+%3D+%2733022%27%29&limit=1&fields=code%2Cp_tdi_estado_freshdesk%2C_internalId%2C_parentId%2Cname%2Cstatus HTTP/1.1" 200 410
2025-11-10 08:37:59 - SyncDeskManager - INFO - Ticket 33022 encontrado directamente
2025-11-10 08:37:59 - SyncDeskManager - DEBUG - Buscando ticket 33036 directamente en Clarity...
2025-11-10 08:37:59 - urllib3.connectionpool - DEBUG - https://pmservice.tdilatam.com:8043 "GET /ppm/rest/v1/tasks?filter=%28code+%3D+%2733036%27%29&limit=1&fields=code%2Cp_tdi_estado_freshdesk%2C_internalId%2C_parentId%2Cname%2Cstatus HTTP/1.1" 200 397
2025-11-10 08:37:59 - SyncDeskManager - INFO - Ticket 33036 encontrado directamente
2025-11-10 08:37:59 - SyncDeskManager - DEBUG - Buscando ticket 33082 directamente en Clarity...
2025-11-10 08:37:59 - urllib3.connectionpool - DEBUG - https://pmservice.tdilatam.com:8043 "GET /ppm/rest/v1/tasks?filter=%28code+%3D+%2733082%27%29&limit=1&fields=code%2Cp_tdi_estado_freshdesk%2C_internalId%2C_parentId%2Cname%2Cstatus HTTP/1.1" 200 397
2025-11-10 08:37:59 - SyncDeskManager - INFO - Ticket 33082 encontrado directamente
2025-11-10 08:37:59 - SyncDeskManager - DEBUG - Buscando ticket 33714 directamente en Clarity...
2025-11-10 08:37:59 - urllib3.connectionpool - DEBUG - https://pmservice.tdilatam.com:8043 "GET /ppm/rest/v1/tasks?filter=%28code+%3D+%2733714%27%29&limit=1&fields=code%2Cp_tdi_estado_freshdesk%2C_internalId%2C_parentId%2Cname%2Cstatus HTTP/1.1" 200 403
2025-11-10 08:37:59 - SyncDeskManager - INFO - Ticket 33714 encontrado directamente
2025-11-10 08:37:59 - SyncDeskManager - DEBUG - Buscando ticket 33803 directamente en Clarity...
2025-11-10 08:37:59 - urllib3.connectionpool - DEBUG - https://pmservice.tdilatam.com:8043 "GET /ppm/rest/v1/tasks?filter=%28code+%3D+%2733803%27%29&limit=1&fields=code%2Cp_tdi_estado_freshdesk%2C_internalId%2C_parentId%2Cname%2Cstatus HTTP/1.1" 200 438
2025-11-10 08:37:59 - SyncDeskManager - INFO - Ticket 33803 encontrado directamente
2025-11-10 08:37:59 - SyncDeskManager - DEBUG - Buscando ticket 33812 directamente en Clarity...
2025-11-10 08:37:59 - urllib3.connectionpool - DEBUG - https://pmservice.tdilatam.com:8043 "GET /ppm/rest/v1/tasks?filter=%28code+%3D+%2733812%27%29&limit=1&fields=code%2Cp_tdi_estado_freshdesk%2C_internalId%2C_parentId%2Cname%2Cstatus HTTP/1.1" 200 461
2025-11-10 08:37:59 - SyncDeskManager - INFO - Ticket 33812 encontrado directamente
2025-11-10 08:37:59 - SyncDeskManager - DEBUG - Buscando ticket 34038 directamente en Clarity...
2025-11-10 08:37:59 - urllib3.connectionpool - DEBUG - https://pmservice.tdilatam.com:8043 "GET /ppm/rest/v1/tasks?filter=%28code+%3D+%2734038%27%29&limit=1&fields=code%2Cp_tdi_estado_freshdesk%2C_internalId%2C_parentId%2Cname%2Cstatus HTTP/1.1" 200 370
2025-11-10 08:37:59 - SyncDeskManager - INFO - Ticket 34038 encontrado directamente
2025-11-10 08:37:59 - SyncDeskManager - DEBUG - Buscando ticket 34058 directamente en Clarity...
2025-11-10 08:37:59 - urllib3.connectionpool - DEBUG - https://pmservice.tdilatam.com:8043 "GET /ppm/rest/v1/tasks?filter=%28code+%3D+%2734058%27%29&limit=1&fields=code%2Cp_tdi_estado_freshdesk%2C_internalId%2C_parentId%2Cname%2Cstatus HTTP/1.1" 200 367
2025-11-10 08:37:59 - SyncDeskManager - INFO - Ticket 34058 encontrado directamente
2025-11-10 08:37:59 - SyncDeskManager - DEBUG - Buscando ticket 34084 directamente en Clarity...
2025-11-10 08:37:59 - urllib3.connectionpool - DEBUG - https://pmservice.tdilatam.com:8043 "GET /ppm/rest/v1/tasks?filter=%28code+%3D+%2734084%27%29&limit=1&fields=code%2Cp_tdi_estado_freshdesk%2C_internalId%2C_parentId%2Cname%2Cstatus HTTP/1.1" 200 420
2025-11-10 08:37:59 - SyncDeskManager - INFO - Ticket 34084 encontrado directamente
2025-11-10 08:37:59 - SyncDeskManager - DEBUG - Buscando ticket 34085 directamente en Clarity...
2025-11-10 08:37:59 - urllib3.connectionpool - DEBUG - https://pmservice.tdilatam.com:8043 "GET /ppm/rest/v1/tasks?filter=%28code+%3D+%2734085%27%29&limit=1&fields=code%2Cp_tdi_estado_freshdesk%2C_internalId%2C_parentId%2Cname%2Cstatus HTTP/1.1" 200 394
2025-11-10 08:37:59 - SyncDeskManager - INFO - Ticket 34085 encontrado directamente
2025-11-10 08:37:59 - SyncDeskManager - DEBUG - Buscando ticket 34089 directamente en Clarity...
2025-11-10 08:37:59 - urllib3.connectionpool - DEBUG - https://pmservice.tdilatam.com:8043 "GET /ppm/rest/v1/tasks?filter=%28code+%3D+%2734089%27%29&limit=1&fields=code%2Cp_tdi_estado_freshdesk%2C_internalId%2C_parentId%2Cname%2Cstatus HTTP/1.1" 200 401
2025-11-10 08:37:59 - SyncDeskManager - INFO - Ticket 34089 encontrado directamente
2025-11-10 08:37:59 - SyncDeskManager - DEBUG - Buscando ticket 34119 directamente en Clarity...
2025-11-10 08:37:59 - urllib3.connectionpool - DEBUG - https://pmservice.tdilatam.com:8043 "GET /ppm/rest/v1/tasks?filter=%28code+%3D+%2734119%27%29&limit=1&fields=code%2Cp_tdi_estado_freshdesk%2C_internalId%2C_parentId%2Cname%2Cstatus HTTP/1.1" 200 427
2025-11-10 08:37:59 - SyncDeskManager - INFO - Ticket 34119 encontrado directamente
2025-11-10 08:37:59 - SyncDeskManager - DEBUG - Buscando ticket 34129 directamente en Clarity...
2025-11-10 08:37:59 - urllib3.connectionpool - DEBUG - https://pmservice.tdilatam.com:8043 "GET /ppm/rest/v1/tasks?filter=%28code+%3D+%2734129%27%29&limit=1&fields=code%2Cp_tdi_estado_freshdesk%2C_internalId%2C_parentId%2Cname%2Cstatus HTTP/1.1" 200 386
2025-11-10 08:37:59 - SyncDeskManager - INFO - Ticket 34129 encontrado directamente
2025-11-10 08:37:59 - SyncDeskManager - DEBUG - Buscando ticket 34183 directamente en Clarity...
2025-11-10 08:37:59 - urllib3.connectionpool - DEBUG - https://pmservice.tdilatam.com:8043 "GET /ppm/rest/v1/tasks?filter=%28code+%3D+%2734183%27%29&limit=1&fields=code%2Cp_tdi_estado_freshdesk%2C_internalId%2C_parentId%2Cname%2Cstatus HTTP/1.1" 200 413
2025-11-10 08:37:59 - SyncDeskManager - INFO - Ticket 34183 encontrado directamente
2025-11-10 08:37:59 - SyncDeskManager - DEBUG - Buscando ticket 34187 directamente en Clarity...
2025-11-10 08:37:59 - urllib3.connectionpool - DEBUG - https://pmservice.tdilatam.com:8043 "GET /ppm/rest/v1/tasks?filter=%28code+%3D+%2734187%27%29&limit=1&fields=code%2Cp_tdi_estado_freshdesk%2C_internalId%2C_parentId%2Cname%2Cstatus HTTP/1.1" 200 420
2025-11-10 08:37:59 - SyncDeskManager - INFO - Ticket 34187 encontrado directamente
2025-11-10 08:37:59 - SyncDeskManager - INFO - IDs obtenidos: 27/27 tickets
2025-11-10 08:38:03 - SyncDeskManager - INFO - Aplicando 27 cambios en Clarity...
2025-11-10 08:38:03 - SyncDeskManager - INFO - TRANSACTION_CHANGE - SYNC_STATES_20251110_083737: {"ticket_id": "32192", "system": "CLARITY", "field": "p_tdi_estado_freshdesk", "old_value": "Abierta", "new_value": "Cerrada", "freshdesk_estado_original": "Closed", "estado": "PENDING", "rollback_data": {"investment_id": 5073111, "internal_id": 5240735}, "timestamp": "2025-11-10 08:38:03"}
2025-11-10 08:38:04 - urllib3.connectionpool - DEBUG - https://pmservice.tdilatam.com:8043 "PATCH /ppm/rest/v1/custTdiInvBacklogs/5073111/tasks/5240735 HTTP/1.1" 200 139
2025-11-10 08:38:04 - SyncDeskManager - INFO - ✅ Ticket 32192 actualizado exitosamente
2025-11-10 08:38:04 - SyncDeskManager - INFO - TRANSACTION_UPDATE - SYNC_STATES_20251110_083737 - Ticket 32192: {"ticket_id": "32192", "estado": "SUCCESS", "timestamp_actualizacion": "2025-11-10 08:38:04"}
2025-11-10 08:38:04 - SyncDeskManager - INFO - TRANSACTION_CHANGE - SYNC_STATES_20251110_083737: {"ticket_id": "32214", "system": "CLARITY", "field": "p_tdi_estado_freshdesk", "old_value": "Abierta", "new_value": "Cerrada", "freshdesk_estado_original": "Closed", "estado": "PENDING", "rollback_data": {"investment_id": 5073111, "internal_id": 5240757}, "timestamp": "2025-11-10 08:38:04"}
2025-11-10 08:38:04 - urllib3.connectionpool - DEBUG - https://pmservice.tdilatam.com:8043 "PATCH /ppm/rest/v1/custTdiInvBacklogs/5073111/tasks/5240757 HTTP/1.1" 200 140
2025-11-10 08:38:04 - SyncDeskManager - INFO - ✅ Ticket 32214 actualizado exitosamente
2025-11-10 08:38:04 - SyncDeskManager - INFO - TRANSACTION_UPDATE - SYNC_STATES_20251110_083737 - Ticket 32214: {"ticket_id": "32214", "estado": "SUCCESS", "timestamp_actualizacion": "2025-11-10 08:38:04"}
2025-11-10 08:38:04 - SyncDeskManager - INFO - TRANSACTION_CHANGE - SYNC_STATES_20251110_083737: {"ticket_id": "32215", "system": "CLARITY", "field": "p_tdi_estado_freshdesk", "old_value": "Abierta", "new_value": "Cerrada", "freshdesk_estado_original": "Closed", "estado": "PENDING", "rollback_data": {"investment_id": 5073111, "internal_id": 5240758}, "timestamp": "2025-11-10 08:38:04"}
2025-11-10 08:38:05 - urllib3.connectionpool - DEBUG - https://pmservice.tdilatam.com:8043 "PATCH /ppm/rest/v1/custTdiInvBacklogs/5073111/tasks/5240758 HTTP/1.1" 200 140
2025-11-10 08:38:05 - SyncDeskManager - INFO - ✅ Ticket 32215 actualizado exitosamente
2025-11-10 08:38:05 - SyncDeskManager - INFO - TRANSACTION_UPDATE - SYNC_STATES_20251110_083737 - Ticket 32215: {"ticket_id": "32215", "estado": "SUCCESS", "timestamp_actualizacion": "2025-11-10 08:38:05"}
2025-11-10 08:38:05 - SyncDeskManager - INFO - TRANSACTION_CHANGE - SYNC_STATES_20251110_083737: {"ticket_id": "32216", "system": "CLARITY", "field": "p_tdi_estado_freshdesk", "old_value": "Abierta", "new_value": "Cerrada", "freshdesk_estado_original": "Closed", "estado": "PENDING", "rollback_data": {"investment_id": 5073111, "internal_id": 5240759}, "timestamp": "2025-11-10 08:38:05"}
2025-11-10 08:38:05 - urllib3.connectionpool - DEBUG - https://pmservice.tdilatam.com:8043 "PATCH /ppm/rest/v1/custTdiInvBacklogs/5073111/tasks/5240759 HTTP/1.1" 200 140
2025-11-10 08:38:05 - SyncDeskManager - INFO - ✅ Ticket 32216 actualizado exitosamente
2025-11-10 08:38:05 - SyncDeskManager - INFO - TRANSACTION_UPDATE - SYNC_STATES_20251110_083737 - Ticket 32216: {"ticket_id": "32216", "estado": "SUCCESS", "timestamp_actualizacion": "2025-11-10 08:38:05"}
2025-11-10 08:38:05 - SyncDeskManager - INFO - TRANSACTION_CHANGE - SYNC_STATES_20251110_083737: {"ticket_id": "32217", "system": "CLARITY", "field": "p_tdi_estado_freshdesk", "old_value": "Abierta", "new_value": "Cerrada", "freshdesk_estado_original": "Closed", "estado": "PENDING", "rollback_data": {"investment_id": 5073111, "internal_id": 5240760}, "timestamp": "2025-11-10 08:38:05"}
2025-11-10 08:38:05 - urllib3.connectionpool - DEBUG - https://pmservice.tdilatam.com:8043 "PATCH /ppm/rest/v1/custTdiInvBacklogs/5073111/tasks/5240760 HTTP/1.1" 200 140
2025-11-10 08:38:05 - SyncDeskManager - INFO - ✅ Ticket 32217 actualizado exitosamente
2025-11-10 08:38:05 - SyncDeskManager - INFO - TRANSACTION_UPDATE - SYNC_STATES_20251110_083737 - Ticket 32217: {"ticket_id": "32217", "estado": "SUCCESS", "timestamp_actualizacion": "2025-11-10 08:38:05"}
2025-11-10 08:38:05 - SyncDeskManager - INFO - TRANSACTION_CHANGE - SYNC_STATES_20251110_083737: {"ticket_id": "32224", "system": "CLARITY", "field": "p_tdi_estado_freshdesk", "old_value": "Abierta", "new_value": "En progreso", "freshdesk_estado_original": "En progreso", "estado": "PENDING", "rollback_data": {"investment_id": 5073111, "internal_id": 5240769}, "timestamp": "2025-11-10 08:38:05"}
2025-11-10 08:38:05 - urllib3.connectionpool - DEBUG - https://pmservice.tdilatam.com:8043 "PATCH /ppm/rest/v1/custTdiInvBacklogs/5073111/tasks/5240769 HTTP/1.1" 400 179
2025-11-10 08:38:05 - urllib3.connectionpool - DEBUG - Resetting dropped connection: pmservice.tdilatam.com
2025-11-10 08:38:06 - urllib3.connectionpool - DEBUG - https://pmservice.tdilatam.com:8043 "PUT /ppm/rest/v1/custTdiInvBacklogs/5073111/tasks/5240769 HTTP/1.1" 400 168
2025-11-10 08:38:06 - SyncDeskManager - WARNING - ❌ Error actualizando ticket 32224: Error en la API - HTTP 400 (posiblemente datos inválidos)
2025-11-10 08:38:06 - SyncDeskManager - INFO - TRANSACTION_UPDATE - SYNC_STATES_20251110_083737 - Ticket 32224: {"ticket_id": "32224", "estado": "FAILED", "timestamp_actualizacion": "2025-11-10 08:38:06", "error": "Error en la API - HTTP 400 (posiblemente datos inv\u00e1lidos)"}
2025-11-10 08:38:06 - SyncDeskManager - INFO - TRANSACTION_CHANGE - SYNC_STATES_20251110_083737: {"ticket_id": "32225", "system": "CLARITY", "field": "p_tdi_estado_freshdesk", "old_value": "Abierta", "new_value": "Cerrada", "freshdesk_estado_original": "Closed", "estado": "PENDING", "rollback_data": {"investment_id": 5073111, "internal_id": 5240768}, "timestamp": "2025-11-10 08:38:06"}
2025-11-10 08:38:06 - urllib3.connectionpool - DEBUG - Resetting dropped connection: pmservice.tdilatam.com
2025-11-10 08:38:07 - urllib3.connectionpool - DEBUG - https://pmservice.tdilatam.com:8043 "PATCH /ppm/rest/v1/custTdiInvBacklogs/5073111/tasks/5240768 HTTP/1.1" 200 140
2025-11-10 08:38:07 - SyncDeskManager - INFO - ✅ Ticket 32225 actualizado exitosamente
2025-11-10 08:38:07 - SyncDeskManager - INFO - TRANSACTION_UPDATE - SYNC_STATES_20251110_083737 - Ticket 32225: {"ticket_id": "32225", "estado": "SUCCESS", "timestamp_actualizacion": "2025-11-10 08:38:07"}
2025-11-10 08:38:07 - SyncDeskManager - INFO - TRANSACTION_CHANGE - SYNC_STATES_20251110_083737: {"ticket_id": "32226", "system": "CLARITY", "field": "p_tdi_estado_freshdesk", "old_value": "Abierta", "new_value": "Cerrada", "freshdesk_estado_original": "Closed", "estado": "PENDING", "rollback_data": {"investment_id": 5073111, "internal_id": 5240770}, "timestamp": "2025-11-10 08:38:07"}
2025-11-10 08:38:07 - urllib3.connectionpool - DEBUG - https://pmservice.tdilatam.com:8043 "PATCH /ppm/rest/v1/custTdiInvBacklogs/5073111/tasks/5240770 HTTP/1.1" 200 140
2025-11-10 08:38:07 - SyncDeskManager - INFO - ✅ Ticket 32226 actualizado exitosamente
2025-11-10 08:38:07 - SyncDeskManager - INFO - TRANSACTION_UPDATE - SYNC_STATES_20251110_083737 - Ticket 32226: {"ticket_id": "32226", "estado": "SUCCESS", "timestamp_actualizacion": "2025-11-10 08:38:07"}
2025-11-10 08:38:07 - SyncDeskManager - INFO - TRANSACTION_CHANGE - SYNC_STATES_20251110_083737: {"ticket_id": "32255", "system": "CLARITY", "field": "p_tdi_estado_freshdesk", "old_value": "Abierta", "new_value": "Cerrada", "freshdesk_estado_original": "Closed", "estado": "PENDING", "rollback_data": {"investment_id": 5073111, "internal_id": 5240821}, "timestamp": "2025-11-10 08:38:07"}
2025-11-10 08:38:07 - urllib3.connectionpool - DEBUG - https://pmservice.tdilatam.com:8043 "PATCH /ppm/rest/v1/custTdiInvBacklogs/5073111/tasks/5240821 HTTP/1.1" 200 140
2025-11-10 08:38:07 - SyncDeskManager - INFO - ✅ Ticket 32255 actualizado exitosamente
2025-11-10 08:38:07 - SyncDeskManager - INFO - TRANSACTION_UPDATE - SYNC_STATES_20251110_083737 - Ticket 32255: {"ticket_id": "32255", "estado": "SUCCESS", "timestamp_actualizacion": "2025-11-10 08:38:07"}
2025-11-10 08:38:07 - SyncDeskManager - INFO - TRANSACTION_CHANGE - SYNC_STATES_20251110_083737: {"ticket_id": "32485", "system": "CLARITY", "field": "p_tdi_estado_freshdesk", "old_value": "En progreso", "new_value": "Esperando al cliente", "freshdesk_estado_original": "Esperando al cliente", "estado": "PENDING", "rollback_data": {"investment_id": 5075109, "internal_id": 5243022}, "timestamp": "2025-11-10 08:38:07"}
2025-11-10 08:38:07 - urllib3.connectionpool - DEBUG - https://pmservice.tdilatam.com:8043 "PATCH /ppm/rest/v1/custTdiInvBacklogs/5075109/tasks/5243022 HTTP/1.1" 400 183
2025-11-10 08:38:07 - urllib3.connectionpool - DEBUG - Resetting dropped connection: pmservice.tdilatam.com
2025-11-10 08:38:07 - urllib3.connectionpool - DEBUG - https://pmservice.tdilatam.com:8043 "PUT /ppm/rest/v1/custTdiInvBacklogs/5075109/tasks/5243022 HTTP/1.1" 400 167
2025-11-10 08:38:07 - SyncDeskManager - WARNING - ❌ Error actualizando ticket 32485: Error en la API - HTTP 400 (posiblemente datos inválidos)
2025-11-10 08:38:07 - SyncDeskManager - INFO - TRANSACTION_UPDATE - SYNC_STATES_20251110_083737 - Ticket 32485: {"ticket_id": "32485", "estado": "FAILED", "timestamp_actualizacion": "2025-11-10 08:38:07", "error": "Error en la API - HTTP 400 (posiblemente datos inv\u00e1lidos)"}
2025-11-10 08:38:07 - SyncDeskManager - INFO - TRANSACTION_CHANGE - SYNC_STATES_20251110_083737: {"ticket_id": "32782", "system": "CLARITY", "field": "p_tdi_estado_freshdesk", "old_value": "En progreso", "new_value": "Esperando al cliente", "freshdesk_estado_original": "Esperando al cliente", "estado": "PENDING", "rollback_data": {"investment_id": 5073104, "internal_id": 5247673}, "timestamp": "2025-11-10 08:38:07"}
2025-11-10 08:38:07 - urllib3.connectionpool - DEBUG - Resetting dropped connection: pmservice.tdilatam.com
2025-11-10 08:38:08 - urllib3.connectionpool - DEBUG - https://pmservice.tdilatam.com:8043 "PATCH /ppm/rest/v1/custTdiInvBacklogs/5073104/tasks/5247673 HTTP/1.1" 400 183
2025-11-10 08:38:08 - urllib3.connectionpool - DEBUG - Resetting dropped connection: pmservice.tdilatam.com
2025-11-10 08:38:08 - urllib3.connectionpool - DEBUG - https://pmservice.tdilatam.com:8043 "PUT /ppm/rest/v1/custTdiInvBacklogs/5073104/tasks/5247673 HTTP/1.1" 400 168
2025-11-10 08:38:08 - SyncDeskManager - WARNING - ❌ Error actualizando ticket 32782: Error en la API - HTTP 400 (posiblemente datos inválidos)
2025-11-10 08:38:08 - SyncDeskManager - INFO - TRANSACTION_UPDATE - SYNC_STATES_20251110_083737 - Ticket 32782: {"ticket_id": "32782", "estado": "FAILED", "timestamp_actualizacion": "2025-11-10 08:38:08", "error": "Error en la API - HTTP 400 (posiblemente datos inv\u00e1lidos)"}
2025-11-10 08:38:08 - SyncDeskManager - INFO - TRANSACTION_CHANGE - SYNC_STATES_20251110_083737: {"ticket_id": "32914", "system": "CLARITY", "field": "p_tdi_estado_freshdesk", "old_value": "Resuelto", "new_value": "Cerrada", "freshdesk_estado_original": "Closed", "estado": "PENDING", "rollback_data": {"investment_id": 5073106, "internal_id": 5243545}, "timestamp": "2025-11-10 08:38:08"}
2025-11-10 08:38:08 - urllib3.connectionpool - DEBUG - Resetting dropped connection: pmservice.tdilatam.com
2025-11-10 08:38:09 - urllib3.connectionpool - DEBUG - https://pmservice.tdilatam.com:8043 "PATCH /ppm/rest/v1/custTdiInvBacklogs/5073106/tasks/5243545 HTTP/1.1" 200 140
2025-11-10 08:38:09 - SyncDeskManager - INFO - ✅ Ticket 32914 actualizado exitosamente
2025-11-10 08:38:09 - SyncDeskManager - INFO - TRANSACTION_UPDATE - SYNC_STATES_20251110_083737 - Ticket 32914: {"ticket_id": "32914", "estado": "SUCCESS", "timestamp_actualizacion": "2025-11-10 08:38:09"}
2025-11-10 08:38:09 - SyncDeskManager - INFO - TRANSACTION_CHANGE - SYNC_STATES_20251110_083737: {"ticket_id": "33022", "system": "CLARITY", "field": "p_tdi_estado_freshdesk", "old_value": "Esperando al cliente", "new_value": "Resuelto", "freshdesk_estado_original": "Resolved", "estado": "PENDING", "rollback_data": {"investment_id": 5073092, "internal_id": 5243527}, "timestamp": "2025-11-10 08:38:09"}
2025-11-10 08:38:09 - urllib3.connectionpool - DEBUG - https://pmservice.tdilatam.com:8043 "PATCH /ppm/rest/v1/custTdiInvBacklogs/5073092/tasks/5243527 HTTP/1.1" 200 140
2025-11-10 08:38:09 - SyncDeskManager - INFO - ✅ Ticket 33022 actualizado exitosamente
2025-11-10 08:38:09 - SyncDeskManager - INFO - TRANSACTION_UPDATE - SYNC_STATES_20251110_083737 - Ticket 33022: {"ticket_id": "33022", "estado": "SUCCESS", "timestamp_actualizacion": "2025-11-10 08:38:09"}
2025-11-10 08:38:09 - SyncDeskManager - INFO - TRANSACTION_CHANGE - SYNC_STATES_20251110_083737: {"ticket_id": "33036", "system": "CLARITY", "field": "p_tdi_estado_freshdesk", "old_value": "En evaluaci\u00f3n", "new_value": "Esperando al cliente", "freshdesk_estado_original": "Esperando al cliente", "estado": "PENDING", "rollback_data": {"investment_id": 5073119, "internal_id": 5241879}, "timestamp": "2025-11-10 08:38:09"}
2025-11-10 08:38:09 - urllib3.connectionpool - DEBUG - https://pmservice.tdilatam.com:8043 "PATCH /ppm/rest/v1/custTdiInvBacklogs/5073119/tasks/5241879 HTTP/1.1" 400 184
2025-11-10 08:38:09 - urllib3.connectionpool - DEBUG - Resetting dropped connection: pmservice.tdilatam.com
2025-11-10 08:38:10 - urllib3.connectionpool - DEBUG - https://pmservice.tdilatam.com:8043 "PUT /ppm/rest/v1/custTdiInvBacklogs/5073119/tasks/5241879 HTTP/1.1" 400 168
2025-11-10 08:38:10 - SyncDeskManager - WARNING - ❌ Error actualizando ticket 33036: Error en la API - HTTP 400 (posiblemente datos inválidos)
2025-11-10 08:38:10 - SyncDeskManager - INFO - TRANSACTION_UPDATE - SYNC_STATES_20251110_083737 - Ticket 33036: {"ticket_id": "33036", "estado": "FAILED", "timestamp_actualizacion": "2025-11-10 08:38:10", "error": "Error en la API - HTTP 400 (posiblemente datos inv\u00e1lidos)"}
2025-11-10 08:38:10 - SyncDeskManager - INFO - TRANSACTION_CHANGE - SYNC_STATES_20251110_083737: {"ticket_id": "33082", "system": "CLARITY", "field": "p_tdi_estado_freshdesk", "old_value": "Esperando al cliente", "new_value": "Derivado al Fabricante", "freshdesk_estado_original": "Derivado al Fabricante", "estado": "PENDING", "rollback_data": {"investment_id": 5073104, "internal_id": 5247680}, "timestamp": "2025-11-10 08:38:10"}
2025-11-10 08:38:10 - urllib3.connectionpool - DEBUG - Resetting dropped connection: pmservice.tdilatam.com
2025-11-10 08:38:10 - urllib3.connectionpool - DEBUG - https://pmservice.tdilatam.com:8043 "PATCH /ppm/rest/v1/custTdiInvBacklogs/5073104/tasks/5247680 HTTP/1.1" 400 184
2025-11-10 08:38:10 - urllib3.connectionpool - DEBUG - Resetting dropped connection: pmservice.tdilatam.com
2025-11-10 08:38:10 - urllib3.connectionpool - DEBUG - https://pmservice.tdilatam.com:8043 "PUT /ppm/rest/v1/custTdiInvBacklogs/5073104/tasks/5247680 HTTP/1.1" 400 168
2025-11-10 08:38:10 - SyncDeskManager - WARNING - ❌ Error actualizando ticket 33082: Error en la API - HTTP 400 (posiblemente datos inválidos)
2025-11-10 08:38:10 - SyncDeskManager - INFO - TRANSACTION_UPDATE - SYNC_STATES_20251110_083737 - Ticket 33082: {"ticket_id": "33082", "estado": "FAILED", "timestamp_actualizacion": "2025-11-10 08:38:10", "error": "Error en la API - HTTP 400 (posiblemente datos inv\u00e1lidos)"}
2025-11-10 08:38:10 - SyncDeskManager - INFO - TRANSACTION_CHANGE - SYNC_STATES_20251110_083737: {"ticket_id": "33714", "system": "CLARITY", "field": "p_tdi_estado_freshdesk", "old_value": "En progreso", "new_value": "Esperando al cliente", "freshdesk_estado_original": "Esperando al cliente", "estado": "PENDING", "rollback_data": {"investment_id": 5073119, "internal_id": 5243497}, "timestamp": "2025-11-10 08:38:10"}
2025-11-10 08:38:10 - urllib3.connectionpool - DEBUG - Resetting dropped connection: pmservice.tdilatam.com
2025-11-10 08:38:11 - urllib3.connectionpool - DEBUG - https://pmservice.tdilatam.com:8043 "PATCH /ppm/rest/v1/custTdiInvBacklogs/5073119/tasks/5243497 HTTP/1.1" 400 184
2025-11-10 08:38:11 - urllib3.connectionpool - DEBUG - Resetting dropped connection: pmservice.tdilatam.com
2025-11-10 08:38:11 - urllib3.connectionpool - DEBUG - https://pmservice.tdilatam.com:8043 "PUT /ppm/rest/v1/custTdiInvBacklogs/5073119/tasks/5243497 HTTP/1.1" 400 168
2025-11-10 08:38:11 - SyncDeskManager - WARNING - ❌ Error actualizando ticket 33714: Error en la API - HTTP 400 (posiblemente datos inválidos)
2025-11-10 08:38:11 - SyncDeskManager - INFO - TRANSACTION_UPDATE - SYNC_STATES_20251110_083737 - Ticket 33714: {"ticket_id": "33714", "estado": "FAILED", "timestamp_actualizacion": "2025-11-10 08:38:11", "error": "Error en la API - HTTP 400 (posiblemente datos inv\u00e1lidos)"}
2025-11-10 08:38:11 - SyncDeskManager - INFO - TRANSACTION_CHANGE - SYNC_STATES_20251110_083737: {"ticket_id": "33803", "system": "CLARITY", "field": "p_tdi_estado_freshdesk", "old_value": "Esperando al cliente", "new_value": "Cerrada", "freshdesk_estado_original": "Closed", "estado": "PENDING", "rollback_data": {"investment_id": 5073078, "internal_id": 5243552}, "timestamp": "2025-11-10 08:38:11"}
2025-11-10 08:38:11 - urllib3.connectionpool - DEBUG - Resetting dropped connection: pmservice.tdilatam.com
2025-11-10 08:38:12 - urllib3.connectionpool - DEBUG - https://pmservice.tdilatam.com:8043 "PATCH /ppm/rest/v1/custTdiInvBacklogs/5073078/tasks/5243552 HTTP/1.1" 200 140
2025-11-10 08:38:12 - SyncDeskManager - INFO - ✅ Ticket 33803 actualizado exitosamente
2025-11-10 08:38:12 - SyncDeskManager - INFO - TRANSACTION_UPDATE - SYNC_STATES_20251110_083737 - Ticket 33803: {"ticket_id": "33803", "estado": "SUCCESS", "timestamp_actualizacion": "2025-11-10 08:38:12"}
2025-11-10 08:38:12 - SyncDeskManager - INFO - TRANSACTION_CHANGE - SYNC_STATES_20251110_083737: {"ticket_id": "33812", "system": "CLARITY", "field": "p_tdi_estado_freshdesk", "old_value": "En evaluaci\u00f3n", "new_value": "Esperando al cliente", "freshdesk_estado_original": "Esperando al cliente", "estado": "PENDING", "rollback_data": {"investment_id": 5073078, "internal_id": 5242985}, "timestamp": "2025-11-10 08:38:12"}
2025-11-10 08:38:12 - urllib3.connectionpool - DEBUG - https://pmservice.tdilatam.com:8043 "PATCH /ppm/rest/v1/custTdiInvBacklogs/5073078/tasks/5242985 HTTP/1.1" 400 184
2025-11-10 08:38:12 - urllib3.connectionpool - DEBUG - Resetting dropped connection: pmservice.tdilatam.com
2025-11-10 08:38:12 - urllib3.connectionpool - DEBUG - https://pmservice.tdilatam.com:8043 "PUT /ppm/rest/v1/custTdiInvBacklogs/5073078/tasks/5242985 HTTP/1.1" 400 168
2025-11-10 08:38:12 - SyncDeskManager - WARNING - ❌ Error actualizando ticket 33812: Error en la API - HTTP 400 (posiblemente datos inválidos)
2025-11-10 08:38:12 - SyncDeskManager - INFO - TRANSACTION_UPDATE - SYNC_STATES_20251110_083737 - Ticket 33812: {"ticket_id": "33812", "estado": "FAILED", "timestamp_actualizacion": "2025-11-10 08:38:12", "error": "Error en la API - HTTP 400 (posiblemente datos inv\u00e1lidos)"}
2025-11-10 08:38:12 - SyncDeskManager - INFO - TRANSACTION_CHANGE - SYNC_STATES_20251110_083737: {"ticket_id": "34038", "system": "CLARITY", "field": "p_tdi_estado_freshdesk", "old_value": "Abierta", "new_value": "Esperando al cliente", "freshdesk_estado_original": "Esperando al cliente", "estado": "PENDING", "rollback_data": {"investment_id": 5075113, "internal_id": 5245666}, "timestamp": "2025-11-10 08:38:12"}
2025-11-10 08:38:12 - urllib3.connectionpool - DEBUG - Resetting dropped connection: pmservice.tdilatam.com
2025-11-10 08:38:13 - urllib3.connectionpool - DEBUG - https://pmservice.tdilatam.com:8043 "PATCH /ppm/rest/v1/custTdiInvBacklogs/5075113/tasks/5245666 HTTP/1.1" 400 183
2025-11-10 08:38:13 - urllib3.connectionpool - DEBUG - Resetting dropped connection: pmservice.tdilatam.com
2025-11-10 08:38:13 - urllib3.connectionpool - DEBUG - https://pmservice.tdilatam.com:8043 "PUT /ppm/rest/v1/custTdiInvBacklogs/5075113/tasks/5245666 HTTP/1.1" 400 168
2025-11-10 08:38:13 - SyncDeskManager - WARNING - ❌ Error actualizando ticket 34038: Error en la API - HTTP 400 (posiblemente datos inválidos)
2025-11-10 08:38:13 - SyncDeskManager - INFO - TRANSACTION_UPDATE - SYNC_STATES_20251110_083737 - Ticket 34038: {"ticket_id": "34038", "estado": "FAILED", "timestamp_actualizacion": "2025-11-10 08:38:13", "error": "Error en la API - HTTP 400 (posiblemente datos inv\u00e1lidos)"}
2025-11-10 08:38:13 - SyncDeskManager - INFO - TRANSACTION_CHANGE - SYNC_STATES_20251110_083737: {"ticket_id": "34058", "system": "CLARITY", "field": "p_tdi_estado_freshdesk", "old_value": "Abierta", "new_value": "En progreso", "freshdesk_estado_original": "En progreso", "estado": "PENDING", "rollback_data": {"investment_id": 5075113, "internal_id": 5245682}, "timestamp": "2025-11-10 08:38:13"}
2025-11-10 08:38:13 - urllib3.connectionpool - DEBUG - Resetting dropped connection: pmservice.tdilatam.com
2025-11-10 08:38:13 - urllib3.connectionpool - DEBUG - https://pmservice.tdilatam.com:8043 "PATCH /ppm/rest/v1/custTdiInvBacklogs/5075113/tasks/5245682 HTTP/1.1" 400 180
2025-11-10 08:38:13 - urllib3.connectionpool - DEBUG - Resetting dropped connection: pmservice.tdilatam.com
2025-11-10 08:38:14 - urllib3.connectionpool - DEBUG - https://pmservice.tdilatam.com:8043 "PUT /ppm/rest/v1/custTdiInvBacklogs/5075113/tasks/5245682 HTTP/1.1" 400 168
2025-11-10 08:38:14 - SyncDeskManager - WARNING - ❌ Error actualizando ticket 34058: Error en la API - HTTP 400 (posiblemente datos inválidos)
2025-11-10 08:38:14 - SyncDeskManager - INFO - TRANSACTION_UPDATE - SYNC_STATES_20251110_083737 - Ticket 34058: {"ticket_id": "34058", "estado": "FAILED", "timestamp_actualizacion": "2025-11-10 08:38:14", "error": "Error en la API - HTTP 400 (posiblemente datos inv\u00e1lidos)"}
2025-11-10 08:38:14 - SyncDeskManager - INFO - TRANSACTION_CHANGE - SYNC_STATES_20251110_083737: {"ticket_id": "34084", "system": "CLARITY", "field": "p_tdi_estado_freshdesk", "old_value": "Resuelto", "new_value": "Cerrada", "freshdesk_estado_original": "Closed", "estado": "PENDING", "rollback_data": {"investment_id": 5075106, "internal_id": 5245705}, "timestamp": "2025-11-10 08:38:14"}
2025-11-10 08:38:14 - urllib3.connectionpool - DEBUG - Resetting dropped connection: pmservice.tdilatam.com
2025-11-10 08:38:14 - urllib3.connectionpool - DEBUG - https://pmservice.tdilatam.com:8043 "PATCH /ppm/rest/v1/custTdiInvBacklogs/5075106/tasks/5245705 HTTP/1.1" 200 140
2025-11-10 08:38:14 - SyncDeskManager - INFO - ✅ Ticket 34084 actualizado exitosamente
2025-11-10 08:38:14 - SyncDeskManager - INFO - TRANSACTION_UPDATE - SYNC_STATES_20251110_083737 - Ticket 34084: {"ticket_id": "34084", "estado": "SUCCESS", "timestamp_actualizacion": "2025-11-10 08:38:14"}
2025-11-10 08:38:14 - SyncDeskManager - INFO - TRANSACTION_CHANGE - SYNC_STATES_20251110_083737: {"ticket_id": "34085", "system": "CLARITY", "field": "p_tdi_estado_freshdesk", "old_value": "En progreso", "new_value": "Derivado al Fabricante", "freshdesk_estado_original": "Derivado al Fabricante", "estado": "PENDING", "rollback_data": {"investment_id": 5073106, "internal_id": 5245706}, "timestamp": "2025-11-10 08:38:14"}
2025-11-10 08:38:14 - urllib3.connectionpool - DEBUG - https://pmservice.tdilatam.com:8043 "PATCH /ppm/rest/v1/custTdiInvBacklogs/5073106/tasks/5245706 HTTP/1.1" 400 184
2025-11-10 08:38:14 - urllib3.connectionpool - DEBUG - Resetting dropped connection: pmservice.tdilatam.com
2025-11-10 08:38:15 - urllib3.connectionpool - DEBUG - https://pmservice.tdilatam.com:8043 "PUT /ppm/rest/v1/custTdiInvBacklogs/5073106/tasks/5245706 HTTP/1.1" 400 168
2025-11-10 08:38:15 - SyncDeskManager - WARNING - ❌ Error actualizando ticket 34085: Error en la API - HTTP 400 (posiblemente datos inválidos)
2025-11-10 08:38:15 - SyncDeskManager - INFO - TRANSACTION_UPDATE - SYNC_STATES_20251110_083737 - Ticket 34085: {"ticket_id": "34085", "estado": "FAILED", "timestamp_actualizacion": "2025-11-10 08:38:15", "error": "Error en la API - HTTP 400 (posiblemente datos inv\u00e1lidos)"}
2025-11-10 08:38:15 - SyncDeskManager - INFO - TRANSACTION_CHANGE - SYNC_STATES_20251110_083737: {"ticket_id": "34089", "system": "CLARITY", "field": "p_tdi_estado_freshdesk", "old_value": "En progreso", "new_value": "Esperando al cliente", "freshdesk_estado_original": "Esperando al cliente", "estado": "PENDING", "rollback_data": {"investment_id": 5073106, "internal_id": 5247632}, "timestamp": "2025-11-10 08:38:15"}
2025-11-10 08:38:15 - urllib3.connectionpool - DEBUG - Resetting dropped connection: pmservice.tdilatam.com
2025-11-10 08:38:15 - urllib3.connectionpool - DEBUG - https://pmservice.tdilatam.com:8043 "PATCH /ppm/rest/v1/custTdiInvBacklogs/5073106/tasks/5247632 HTTP/1.1" 400 184
2025-11-10 08:38:15 - urllib3.connectionpool - DEBUG - Resetting dropped connection: pmservice.tdilatam.com
2025-11-10 08:38:16 - urllib3.connectionpool - DEBUG - https://pmservice.tdilatam.com:8043 "PUT /ppm/rest/v1/custTdiInvBacklogs/5073106/tasks/5247632 HTTP/1.1" 400 168
2025-11-10 08:38:16 - SyncDeskManager - WARNING - ❌ Error actualizando ticket 34089: Error en la API - HTTP 400 (posiblemente datos inválidos)
2025-11-10 08:38:16 - SyncDeskManager - INFO - TRANSACTION_UPDATE - SYNC_STATES_20251110_083737 - Ticket 34089: {"ticket_id": "34089", "estado": "FAILED", "timestamp_actualizacion": "2025-11-10 08:38:16", "error": "Error en la API - HTTP 400 (posiblemente datos inv\u00e1lidos)"}
2025-11-10 08:38:16 - SyncDeskManager - INFO - TRANSACTION_CHANGE - SYNC_STATES_20251110_083737: {"ticket_id": "34119", "system": "CLARITY", "field": "p_tdi_estado_freshdesk", "old_value": "Abierta", "new_value": "Esperando al cliente", "freshdesk_estado_original": "Esperando al cliente", "estado": "PENDING", "rollback_data": {"investment_id": 5146180, "internal_id": 5248633}, "timestamp": "2025-11-10 08:38:16"}
2025-11-10 08:38:16 - urllib3.connectionpool - DEBUG - Resetting dropped connection: pmservice.tdilatam.com
2025-11-10 08:38:16 - urllib3.connectionpool - DEBUG - https://pmservice.tdilatam.com:8043 "PATCH /ppm/rest/v1/custTdiInvBacklogs/5146180/tasks/5248633 HTTP/1.1" 400 183
2025-11-10 08:38:16 - urllib3.connectionpool - DEBUG - Resetting dropped connection: pmservice.tdilatam.com
2025-11-10 08:38:16 - urllib3.connectionpool - DEBUG - https://pmservice.tdilatam.com:8043 "PUT /ppm/rest/v1/custTdiInvBacklogs/5146180/tasks/5248633 HTTP/1.1" 400 168
2025-11-10 08:38:16 - SyncDeskManager - WARNING - ❌ Error actualizando ticket 34119: Error en la API - HTTP 400 (posiblemente datos inválidos)
2025-11-10 08:38:16 - SyncDeskManager - INFO - TRANSACTION_UPDATE - SYNC_STATES_20251110_083737 - Ticket 34119: {"ticket_id": "34119", "estado": "FAILED", "timestamp_actualizacion": "2025-11-10 08:38:16", "error": "Error en la API - HTTP 400 (posiblemente datos inv\u00e1lidos)"}
2025-11-10 08:38:16 - SyncDeskManager - INFO - TRANSACTION_CHANGE - SYNC_STATES_20251110_083737: {"ticket_id": "34129", "system": "CLARITY", "field": "p_tdi_estado_freshdesk", "old_value": "Esperando al cliente", "new_value": "Cerrada", "freshdesk_estado_original": "Closed", "estado": "PENDING", "rollback_data": {"investment_id": 5073078, "internal_id": 5248628}, "timestamp": "2025-11-10 08:38:16"}
2025-11-10 08:38:16 - urllib3.connectionpool - DEBUG - Resetting dropped connection: pmservice.tdilatam.com
2025-11-10 08:38:17 - urllib3.connectionpool - DEBUG - https://pmservice.tdilatam.com:8043 "PATCH /ppm/rest/v1/custTdiInvBacklogs/5073078/tasks/5248628 HTTP/1.1" 200 141
2025-11-10 08:38:17 - SyncDeskManager - INFO - ✅ Ticket 34129 actualizado exitosamente
2025-11-10 08:38:17 - SyncDeskManager - INFO - TRANSACTION_UPDATE - SYNC_STATES_20251110_083737 - Ticket 34129: {"ticket_id": "34129", "estado": "SUCCESS", "timestamp_actualizacion": "2025-11-10 08:38:17"}
2025-11-10 08:38:17 - SyncDeskManager - INFO - TRANSACTION_CHANGE - SYNC_STATES_20251110_083737: {"ticket_id": "34183", "system": "CLARITY", "field": "p_tdi_estado_freshdesk", "old_value": "Resuelto", "new_value": "Cerrada", "freshdesk_estado_original": "Closed", "estado": "PENDING", "rollback_data": {"investment_id": 5075112, "internal_id": 5248873}, "timestamp": "2025-11-10 08:38:17"}
2025-11-10 08:38:17 - urllib3.connectionpool - DEBUG - https://pmservice.tdilatam.com:8043 "PATCH /ppm/rest/v1/custTdiInvBacklogs/5075112/tasks/5248873 HTTP/1.1" 200 141
2025-11-10 08:38:17 - SyncDeskManager - INFO - ✅ Ticket 34183 actualizado exitosamente
2025-11-10 08:38:17 - SyncDeskManager - INFO - TRANSACTION_UPDATE - SYNC_STATES_20251110_083737 - Ticket 34183: {"ticket_id": "34183", "estado": "SUCCESS", "timestamp_actualizacion": "2025-11-10 08:38:17"}
2025-11-10 08:38:17 - SyncDeskManager - INFO - TRANSACTION_CHANGE - SYNC_STATES_20251110_083737: {"ticket_id": "34187", "system": "CLARITY", "field": "p_tdi_estado_freshdesk", "old_value": "En progreso", "new_value": "Cerrada", "freshdesk_estado_original": "Closed", "estado": "PENDING", "rollback_data": {"investment_id": 5073106, "internal_id": 5248876}, "timestamp": "2025-11-10 08:38:17"}
2025-11-10 08:38:17 - urllib3.connectionpool - DEBUG - https://pmservice.tdilatam.com:8043 "PATCH /ppm/rest/v1/custTdiInvBacklogs/5073106/tasks/5248876 HTTP/1.1" 200 141
2025-11-10 08:38:17 - SyncDeskManager - INFO - ✅ Ticket 34187 actualizado exitosamente
2025-11-10 08:38:17 - SyncDeskManager - INFO - TRANSACTION_UPDATE - SYNC_STATES_20251110_083737 - Ticket 34187: {"ticket_id": "34187", "estado": "SUCCESS", "timestamp_actualizacion": "2025-11-10 08:38:17"}
2025-11-10 08:38:29 - SyncDeskManager - INFO - TRANSACTION_COMPLETE: SYNC_STATES_20251110_083737 - {'total_cambios': 27, 'cambios_exitosos': 15, 'cambios_fallidos': 12, 'estado': 'COMPLETED', 'ejemplos_exitosos': ['32192', '32214', '32215', '32216', '32217'], 'ejemplos_fallidos': ['32224', '32485', '32782', '33036', '33082'], 'detalles_fallos': [{'ticket_id': '32224', 'error': 'Error en la API - HTTP 400 (posiblemente datos inválidos)'}, {'ticket_id': '32485', 'error': 'Error en la API - HTTP 400 (posiblemente datos inválidos)'}, {'ticket_id': '32782', 'error': 'Error en la API - HTTP 400 (posiblemente datos inválidos)'}, {'ticket_id': '33036', 'error': 'Error en la API - HTTP 400 (posiblemente datos inválidos)'}, {'ticket_id': '33082', 'error': 'Error en la API - HTTP 400 (posiblemente datos inválidos)'}, {'ticket_id': '33714', 'error': 'Error en la API - HTTP 400 (posiblemente datos inválidos)'}, {'ticket_id': '33812', 'error': 'Error en la API - HTTP 400 (posiblemente datos inválidos)'}, {'ticket_id': '34038', 'error': 'Error en la API - HTTP 400 (posiblemente datos inválidos)'}, {'ticket_id': '34058', 'error': 'Error en la API - HTTP 400 (posiblemente datos inválidos)'}, {'ticket_id': '34085', 'error': 'Error en la API - HTTP 400 (posiblemente datos inválidos)'}]}
2025-11-10 08:38:29 - SyncDeskManager - INFO - Transacción completada exitosamente: SYNC_STATES_20251110_083737
2025-11-10 08:38:29 - SyncDeskManager - INFO - TRANSACTION_COMPLETE: SYNC_STATES_20251110_083737 - {'total_cambios': 27, 'cambios_exitosos': 15, 'cambios_fallidos': 12, 'estado': 'COMPLETED', 'ejemplos_exitosos': ['32192', '32214', '32215', '32216', '32217'], 'ejemplos_fallidos': ['32224', '32485', '32782', '33036', '33082']}
2025-11-10 08:38:29 - SyncDeskManager - INFO - Transacción completada exitosamente: SYNC_STATES_20251110_083737
2025-11-10 08:38:46 - SyncDeskManager - INFO - Datos sensibles limpiados de la memoria
