[2025-11-25 09:49:52] Iniciando run.py
[2025-11-25 09:49:52] BASE_DIR: c:\xampp\htdocs\TDI_Task_Manager
[2025-11-25 09:49:52] SRC_DIR: c:\xampp\htdocs\TDI_Task_Manager\src
[2025-11-25 09:49:52] ✅ SRC_DIR existe: ['config', 'data', 'features', 'logs', 'main.py', 'menus', 'services', 'utils', '__init__.py', '__pycache__']
[2025-11-25 10:14:35] Iniciando run.py
[2025-11-25 10:14:35] BASE_DIR: c:\xampp\htdocs\TDI_Task_Manager
[2025-11-25 10:14:35] SRC_DIR: c:\xampp\htdocs\TDI_Task_Manager\src
[2025-11-25 10:14:35] ✅ SRC_DIR existe: ['config', 'data', 'features', 'logs', 'main.py', 'menus', 'services', 'utils', '__init__.py', '__pycache__']
[2025-12-01 08:17:05] Iniciando run.py
[2025-12-01 08:17:05] BASE_DIR: c:\xampp\htdocs\TDI_Task_Manager
[2025-12-01 08:17:05] SRC_DIR: c:\xampp\htdocs\TDI_Task_Manager\src
[2025-12-01 08:17:05] ✅ SRC_DIR existe: ['config', 'data', 'features', 'logs', 'main.py', 'menus', 'services', 'utils', '__init__.py', '__pycache__']
[2025-12-09 08:31:30] Iniciando run.py
[2025-12-09 08:31:30] BASE_DIR: c:\xampp\htdocs\TDI_Task_Manager
[2025-12-09 08:31:30] SRC_DIR: c:\xampp\htdocs\TDI_Task_Manager\src
[2025-12-09 08:31:30] ✅ SRC_DIR existe: ['config', 'data', 'features', 'logs', 'main.py', 'menus', 'services', 'utils', '__init__.py', '__pycache__']
[2025-12-15 08:06:30] Iniciando run.py
[2025-12-15 08:06:30] BASE_DIR: c:\xampp\htdocs\TDI_Task_Manager
[2025-12-15 08:06:30] SRC_DIR: c:\xampp\htdocs\TDI_Task_Manager\src
[2025-12-15 08:06:30] ✅ SRC_DIR existe: ['config', 'data', 'features', 'logs', 'main.py', 'menus', 'services', 'utils', '__init__.py', '__pycache__']
[2025-12-16 08:39:25] Iniciando run.py
[2025-12-16 08:39:25] BASE_DIR: c:\xampp\htdocs\TDI_Task_Manager
[2025-12-16 08:39:25] SRC_DIR: c:\xampp\htdocs\TDI_Task_Manager\src
[2025-12-16 08:39:25] ✅ SRC_DIR existe: ['config', 'data', 'features', 'logs', 'main.py', 'menus', 'services', 'utils', '__init__.py', '__pycache__']
[2025-12-22 08:27:46] Iniciando run.py
[2025-12-22 08:27:46] BASE_DIR: c:\xampp\htdocs\TDI_Task_Manager
[2025-12-22 08:27:46] SRC_DIR: c:\xampp\htdocs\TDI_Task_Manager\src
[2025-12-22 08:27:46] ✅ SRC_DIR existe: ['config', 'data', 'features', 'logs', 'main.py', 'menus', 'services', 'utils', '__init__.py', '__pycache__']
[2025-12-29 09:47:19] Iniciando run.py
[2025-12-29 09:47:19] BASE_DIR: c:\xampp\htdocs\TDI_Task_Manager
[2025-12-29 09:47:19] SRC_DIR: c:\xampp\htdocs\TDI_Task_Manager\src
[2025-12-29 09:47:19] ✅ SRC_DIR existe: ['config', 'data', 'features', 'logs', 'main.py', 'menus', 'services', 'utils', '__init__.py', '__pycache__']
[2026-01-05 08:28:12] Iniciando run.py
[2026-01-05 08:28:12] BASE_DIR: c:\xampp\htdocs\TDI_Task_Manager
[2026-01-05 08:28:12] SRC_DIR: c:\xampp\htdocs\TDI_Task_Manager\src
[2026-01-05 08:28:12] ✅ SRC_DIR existe: ['config', 'data', 'features', 'logs', 'main.py', 'menus', 'services', 'utils', '__init__.py', '__pycache__']
[2026-01-05 08:40:36] Iniciando run.py
[2026-01-05 08:40:36] BASE_DIR: c:\xampp\htdocs\TDI_Task_Manager
[2026-01-05 08:40:36] SRC_DIR: c:\xampp\htdocs\TDI_Task_Manager\src
[2026-01-05 08:40:36] ✅ SRC_DIR existe: ['config', 'data', 'features', 'logs', 'main.py', 'menus', 'services', 'utils', '__init__.py', '__pycache__']
[2026-01-12 08:20:38] Iniciando run.py
[2026-01-12 08:20:38] BASE_DIR: c:\xampp\htdocs\TDI_Task_Manager
[2026-01-12 08:20:38] SRC_DIR: c:\xampp\htdocs\TDI_Task_Manager\src
[2026-01-12 08:20:38] ✅ SRC_DIR existe: ['config', 'data', 'features', 'logs', 'main.py', 'menus', 'services', 'utils', '__init__.py', '__pycache__']
[2026-01-12 08:41:02] Iniciando run.py
[2026-01-12 08:41:02] BASE_DIR: c:\xampp\htdocs\TDI_Task_Manager
[2026-01-12 08:41:02] SRC_DIR: c:\xampp\htdocs\TDI_Task_Manager\src
[2026-01-12 08:41:02] ✅ SRC_DIR existe: ['config', 'data', 'features', 'logs', 'main.py', 'menus', 'services', 'utils', '__init__.py', '__pycache__']
[2026-01-26 15:15:41] Iniciando run.py
[2026-01-26 15:15:41] BASE_DIR: c:\xampp\htdocs\TDI_Task_Manager
[2026-01-26 15:15:41] SRC_DIR: c:\xampp\htdocs\TDI_Task_Manager\src
[2026-01-26 15:15:41] ✅ SRC_DIR existe: ['config', 'data', 'features', 'logs', 'main.py', 'menus', 'services', 'utils', '__init__.py', '__pycache__']
[2026-02-23 10:16:49] Iniciando run.py
[2026-02-23 10:16:49] BASE_DIR: c:\xampp\htdocs\TDI_Task_Manager
[2026-02-23 10:16:49] SRC_DIR: c:\xampp\htdocs\TDI_Task_Manager\src
[2026-02-23 10:16:49] ✅ SRC_DIR existe: ['config', 'data', 'features', 'logs', 'main.py', 'menus', 'services', 'utils', '__init__.py', '__pycache__']
[2026-04-01 10:02:33] Iniciando run.py
[2026-04-01 10:02:33] BASE_DIR: c:\xampp\htdocs\TDI_Task_Manager
[2026-04-01 10:02:33] SRC_DIR: c:\xampp\htdocs\TDI_Task_Manager\src
[2026-04-01 10:02:33] ✅ SRC_DIR existe: ['config', 'data', 'features', 'logs', 'main.py', 'menus', 'services', 'utils', '__init__.py', '__pycache__']
[2026-04-07 08:46:58] Iniciando run.py
[2026-04-07 08:46:58] BASE_DIR: c:\xampp\htdocs\TDI_Task_Manager
[2026-04-07 08:46:58] SRC_DIR: c:\xampp\htdocs\TDI_Task_Manager\src
[2026-04-07 08:46:58] SRC_DIR existe: ['config', 'data', 'features', 'logs', 'main.py', 'menus', 'services', 'utils', '__init__.py', '__pycache__']
